__tests__/AttendanceCard.test.tsx(8,7): error TS2741: Property 'photo_url' is missing in type '{ id: string; name: string; grade: number; class_id: string; is_active: true; parent_contact: string; birthday: null; gender: null; school_name: null; address: null; allergies: null; created_at: string; updated_at: string; }' but required in type 'Student'.
__tests__/StudentProfile.test.tsx(59,64): error TS2345: Argument of type '{ id: string; name: string; birthday: string; gender: string; school_name: string; grade: number; parent_contact: string; address: string; allergies: null; is_active: boolean; class_id: string; created_at: string; updated_at: string; }' is not assignable to parameter of type 'Student'.
  Property 'photo_url' is missing in type '{ id: string; name: string; birthday: string; gender: string; school_name: string; grade: number; parent_contact: string; address: string; allergies: null; is_active: boolean; class_id: string; created_at: string; updated_at: string; }' but required in type 'Student'.
__tests__/StudentProfile.test.tsx(86,64): error TS2345: Argument of type '{ id: string; name: string; birthday: string; gender: string; school_name: string; grade: number; parent_contact: string; address: string; allergies: null; is_active: boolean; class_id: string; created_at: string; updated_at: string; }' is not assignable to parameter of type 'Student'.
  Property 'photo_url' is missing in type '{ id: string; name: string; birthday: string; gender: string; school_name: string; grade: number; parent_contact: string; address: string; allergies: null; is_active: boolean; class_id: string; created_at: string; updated_at: string; }' but required in type 'Student'.
__tests__/StudentProfile.test.tsx(118,64): error TS2345: Argument of type '{ id: string; name: string; birthday: string; gender: string; school_name: string; grade: number; parent_contact: string; address: string; allergies: { food: string[]; medicine: string[]; other: string; }; is_active: boolean; class_id: string; created_at: string; updated_at: string; }' is not assignable to parameter of type 'Student'.
  Property 'photo_url' is missing in type '{ id: string; name: string; birthday: string; gender: string; school_name: string; grade: number; parent_contact: string; address: string; allergies: { food: string[]; medicine: string[]; other: string; }; is_active: boolean; class_id: string; created_at: string; updated_at: string; }' but required in type 'Student'.
__tests__/StudentProfile.test.tsx(148,64): error TS2345: Argument of type '{ id: string; name: string; birthday: string; gender: string; school_name: string; grade: number; parent_contact: string; address: string; allergies: null; is_active: boolean; class_id: string; created_at: string; updated_at: string; }' is not assignable to parameter of type 'Student'.
  Property 'photo_url' is missing in type '{ id: string; name: string; birthday: string; gender: string; school_name: string; grade: number; parent_contact: string; address: string; allergies: null; is_active: boolean; class_id: string; created_at: string; updated_at: string; }' but required in type 'Student'.
__tests__/StudentProfile.test.tsx(196,64): error TS2345: Argument of type '{ id: string; name: string; birthday: string; gender: string; school_name: string; grade: number; parent_contact: string; address: string; allergies: null; is_active: boolean; class_id: string; created_at: string; updated_at: string; }' is not assignable to parameter of type 'Student'.
  Property 'photo_url' is missing in type '{ id: string; name: string; birthday: string; gender: string; school_name: string; grade: number; parent_contact: string; address: string; allergies: null; is_active: boolean; class_id: string; created_at: string; updated_at: string; }' but required in type 'Student'.
lib/supabase/attendance.ts(113,23): error TS2345: Argument of type 'string' is not assignable to parameter of type '("student_id" extends keyof (Omit<Database, "__InternalSupabase">[SchemaNameOrClientOptions extends string & Exclude<...> ? SchemaNameOrClientOptions : "public" extends Exclude<...> ? "public" : string & Exclude<...>] extends GenericSchema ? Omit<...>[SchemaNameOrClientOptions extends string & Exclude<...> ? SchemaN...'.
lib/supabase/attendance.ts(114,17): error TS2345: Argument of type 'string' is not assignable to parameter of type '("date" extends keyof (Omit<Database, "__InternalSupabase">[SchemaNameOrClientOptions extends string & Exclude<keyof Database, "__InternalSupabase"> ? SchemaNameOrClientOptions : "public" extends Exclude<...> ? "public" : string & Exclude<...>] extends GenericSchema ? Omit<...>[SchemaNameOrClientOptions extends stri...'.
lib/supabase/attendance.ts(143,15): error TS2345: Argument of type 'string' is not assignable to parameter of type '("id" extends keyof (Omit<Database, "__InternalSupabase">[SchemaNameOrClientOptions extends string & Exclude<keyof Database, "__InternalSupabase"> ? SchemaNameOrClientOptions : "public" extends Exclude<...> ? "public" : string & Exclude<...>] extends GenericSchema ? Omit<...>[SchemaNameOrClientOptions extends string...'.
lib/supabase/attendance.ts(163,78): error TS2345: Argument of type 'string' is not assignable to parameter of type '("id" extends keyof (Omit<Database, "__InternalSupabase">[SchemaNameOrClientOptions extends string & Exclude<keyof Database, "__InternalSupabase"> ? SchemaNameOrClientOptions : "public" extends Exclude<...> ? "public" : string & Exclude<...>] extends GenericSchema ? Omit<...>[SchemaNameOrClientOptions extends string...'.
lib/supabase/attendance.ts(183,21): error TS2345: Argument of type 'string' is not assignable to parameter of type '("class_id" extends keyof (Omit<Database, "__InternalSupabase">[SchemaNameOrClientOptions extends string & Exclude<keyof Database, "__InternalSupabase"> ? SchemaNameOrClientOptions : "public" extends Exclude<...> ? "public" : string & Exclude<...>] extends GenericSchema ? Omit<...>[SchemaNameOrClientOptions extends ...'.
lib/supabase/attendance.ts(184,17): error TS2345: Argument of type 'string' is not assignable to parameter of type '("date" extends keyof (Omit<Database, "__InternalSupabase">[SchemaNameOrClientOptions extends string & Exclude<keyof Database, "__InternalSupabase"> ? SchemaNameOrClientOptions : "public" extends Exclude<...> ? "public" : string & Exclude<...>] extends GenericSchema ? Omit<...>[SchemaNameOrClientOptions extends stri...'.
lib/supabase/attendance.ts(190,10): error TS2352: Conversion of type 'GetResult<Omit<Database, "__InternalSupabase">[SchemaNameOrClientOptions extends string & Exclude<keyof Database, "__InternalSupabase"> ? SchemaNameOrClientOptions : "public" extends Exclude<...> ? "public" : string & Exclude<...>] extends GenericSchema ? Omit<...>[SchemaNameOrClientOptions extends string & Exclude<...' to type 'AttendanceLog[]' may be a mistake because neither type sufficiently overlaps with the other. If this was intentional, convert the expression to 'unknown' first.
  Type 'GetResult<Omit<Database, "__InternalSupabase">[SchemaNameOrClientOptions extends string & Exclude<keyof Database, "__InternalSupabase"> ? SchemaNameOrClientOptions : "public" extends Exclude<...> ? "public" : string & Exclude<...>] extends GenericSchema ? Omit<...>[SchemaNameOrClientOptions extends string & Exclude<...' is not comparable to type 'AttendanceLog'.
    Type '((Omit<Database, "__InternalSupabase">[SchemaNameOrClientOptions extends string & Exclude<keyof Database, "__InternalSupabase"> ? SchemaNameOrClientOptions : "public" extends Exclude<...> ? "public" : string & Exclude<...>] extends GenericSchema ? Omit<...>[SchemaNameOrClientOptions extends string & Exclude<...> ? S...' is not comparable to type 'AttendanceLog'.
      Type '(Omit<Database, "__InternalSupabase">[SchemaNameOrClientOptions extends string & Exclude<keyof Database, "__InternalSupabase"> ? SchemaNameOrClientOptions : "public" extends Exclude<...> ? "public" : string & Exclude<...>]["Tables"]["attendance_logs"] extends { ...; } ? R : unknown) extends null ? (Omit<...>[SchemaN...' is not comparable to type 'AttendanceLog'.
        Type '(GetComputedFields<Omit<Database, "__InternalSupabase">[SchemaNameOrClientOptions extends string & Exclude<keyof Database, "__InternalSupabase"> ? SchemaNameOrClientOptions : "public" extends Exclude<...> ? "public" : string & Exclude<...>] extends GenericSchema ? Omit<...>[SchemaNameOrClientOptions extends string &...' is not comparable to type 'AttendanceLog'.
          Type 'SelectQueryError<"Processing node failed."> | SelectQueryError<"Could not retrieve a valid record or error value">' is not comparable to type 'AttendanceLog'.
            Type '{ error: true; } & String' is missing the following properties from type 'AttendanceLog': id, student_id, class_id, date, and 3 more.
lib/supabase/attendance.ts(238,21): error TS2345: Argument of type 'string' is not assignable to parameter of type '("class_id" extends keyof (Omit<Database, "__InternalSupabase">[SchemaNameOrClientOptions extends string & Exclude<keyof Database, "__InternalSupabase"> ? SchemaNameOrClientOptions : "public" extends Exclude<...> ? "public" : string & Exclude<...>] extends GenericSchema ? Omit<...>[SchemaNameOrClientOptions extends ...'.
lib/supabase/attendance.ts(239,22): error TS2345: Argument of type 'boolean' is not assignable to parameter of type '("is_active" extends keyof (Omit<Database, "__InternalSupabase">[SchemaNameOrClientOptions extends string & Exclude<...> ? SchemaNameOrClientOptions : "public" extends Exclude<...> ? "public" : string & Exclude<...>] extends GenericSchema ? Omit<...>[SchemaNameOrClientOptions extends string & Exclude<...> ? SchemaNa...'.
lib/supabase/attendance.ts(251,21): error TS2345: Argument of type 'string' is not assignable to parameter of type '("class_id" extends keyof (Omit<Database, "__InternalSupabase">[SchemaNameOrClientOptions extends string & Exclude<keyof Database, "__InternalSupabase"> ? SchemaNameOrClientOptions : "public" extends Exclude<...> ? "public" : string & Exclude<...>] extends GenericSchema ? Omit<...>[SchemaNameOrClientOptions extends ...'.
lib/supabase/attendance.ts(252,17): error TS2345: Argument of type 'string' is not assignable to parameter of type '("date" extends keyof (Omit<Database, "__InternalSupabase">[SchemaNameOrClientOptions extends string & Exclude<keyof Database, "__InternalSupabase"> ? SchemaNameOrClientOptions : "public" extends Exclude<...> ? "public" : string & Exclude<...>] extends GenericSchema ? Omit<...>[SchemaNameOrClientOptions extends stri...'.
lib/supabase/attendance.ts(259,18): error TS2769: No overload matches this call.
  Overload 1 of 2, '(predicate: (value: GetResult<Omit<Database, "__InternalSupabase">[SchemaNameOrClientOptions extends string & Exclude<keyof Database, "__InternalSupabase"> ? SchemaNameOrClientOptions : "public" extends Exclude<...> ? "public" : string & Exclude<...>] extends GenericSchema ? Omit<...>[SchemaNameOrClientOptions extends string & Exclude<...> ? SchemaNameOrClientOptions : "public" extends Exclude<...> ? "public" : string & Exclude<...>] : never, ... 4 more ..., ("public" extends Exclude<...> ? "public" : string & Exclude<...>) extends "public" ? { ...; } : ("public" extends Exclude<...> ? "public" : string & Exclude<...>) extends { ...; } ? { ...; } & ("public" extends Exclude<...> ? "public" : string & Exclude<...>) : never>, index: number, array: GetResult<...>[]) => value is GetResult<...>, thisArg?: any): GetResult<...>[]', gave the following error.
    Argument of type '(log: { status: string; }) => boolean' is not assignable to parameter of type '(value: GetResult<Omit<Database, "__InternalSupabase">[SchemaNameOrClientOptions extends string & Exclude<keyof Database, "__InternalSupabase"> ? SchemaNameOrClientOptions : "public" extends Exclude<...> ? "public" : string & Exclude<...>] extends GenericSchema ? Omit<...>[SchemaNameOrClientOptions extends string & ...'.
      Types of parameters 'log' and 'value' are incompatible.
        Type 'GetResult<Omit<Database, "__InternalSupabase">[SchemaNameOrClientOptions extends string & Exclude<keyof Database, "__InternalSupabase"> ? SchemaNameOrClientOptions : "public" extends Exclude<...> ? "public" : string & Exclude<...>] extends GenericSchema ? Omit<...>[SchemaNameOrClientOptions extends string & Exclude<...' is not assignable to type '{ status: string; }'.
          Type '{ status: any; } | (((Omit<Database, "__InternalSupabase">[SchemaNameOrClientOptions extends string & Exclude<keyof Database, "__InternalSupabase"> ? SchemaNameOrClientOptions : "public" extends Exclude<...> ? "public" : string & Exclude<...>] extends GenericSchema ? Omit<...>[SchemaNameOrClientOptions extends strin...' is not assignable to type '{ status: string; }'.
            Type '((Omit<Database, "__InternalSupabase">[SchemaNameOrClientOptions extends string & Exclude<keyof Database, "__InternalSupabase"> ? SchemaNameOrClientOptions : "public" extends Exclude<...> ? "public" : string & Exclude<...>] extends GenericSchema ? Omit<...>[SchemaNameOrClientOptions extends string & Exclude<...> ? S...' is not assignable to type '{ status: string; }'.
              Type '(Omit<Database, "__InternalSupabase">[SchemaNameOrClientOptions extends string & Exclude<keyof Database, "__InternalSupabase"> ? SchemaNameOrClientOptions : "public" extends Exclude<...> ? "public" : string & Exclude<...>]["Tables"]["attendance_logs"] extends { ...; } ? R : unknown) extends null ? ProcessSimpleField...' is not assignable to type '{ status: string; }'.
                Type 'ProcessSimpleField<(Omit<Database, "__InternalSupabase">[SchemaNameOrClientOptions extends string & Exclude<keyof Database, "__InternalSupabase"> ? SchemaNameOrClientOptions : "public" extends Exclude<...> ? "public" : string & Exclude<...>] extends GenericSchema ? Omit<...>[SchemaNameOrClientOptions extends string ...' is not assignable to type '{ status: string; }'.
                  Type 'SelectQueryError<"Processing node failed."> | SelectQueryError<"Could not retrieve a valid record or error value">' is not assignable to type '{ status: string; }'.
                    Property 'status' is missing in type '{ error: true; } & String' but required in type '{ status: string; }'.
  Overload 2 of 2, '(predicate: (value: GetResult<Omit<Database, "__InternalSupabase">[SchemaNameOrClientOptions extends string & Exclude<keyof Database, "__InternalSupabase"> ? SchemaNameOrClientOptions : "public" extends Exclude<...> ? "public" : string & Exclude<...>] extends GenericSchema ? Omit<...>[SchemaNameOrClientOptions extends string & Exclude<...> ? SchemaNameOrClientOptions : "public" extends Exclude<...> ? "public" : string & Exclude<...>] : never, ... 4 more ..., ("public" extends Exclude<...> ? "public" : string & Exclude<...>) extends "public" ? { ...; } : ("public" extends Exclude<...> ? "public" : string & Exclude<...>) extends { ...; } ? { ...; } & ("public" extends Exclude<...> ? "public" : string & Exclude<...>) : never>, index: number, array: GetResult<...>[]) => unknown, thisArg?: any): GetResult<...>[]', gave the following error.
    Argument of type '(log: { status: string; }) => boolean' is not assignable to parameter of type '(value: GetResult<Omit<Database, "__InternalSupabase">[SchemaNameOrClientOptions extends string & Exclude<keyof Database, "__InternalSupabase"> ? SchemaNameOrClientOptions : "public" extends Exclude<...> ? "public" : string & Exclude<...>] extends GenericSchema ? Omit<...>[SchemaNameOrClientOptions extends string & ...'.
      Types of parameters 'log' and 'value' are incompatible.
        Type 'GetResult<Omit<Database, "__InternalSupabase">[SchemaNameOrClientOptions extends string & Exclude<keyof Database, "__InternalSupabase"> ? SchemaNameOrClientOptions : "public" extends Exclude<...> ? "public" : string & Exclude<...>] extends GenericSchema ? Omit<...>[SchemaNameOrClientOptions extends string & Exclude<...' is not assignable to type '{ status: string; }'.
          Type '{ status: any; } | (((Omit<Database, "__InternalSupabase">[SchemaNameOrClientOptions extends string & Exclude<keyof Database, "__InternalSupabase"> ? SchemaNameOrClientOptions : "public" extends Exclude<...> ? "public" : string & Exclude<...>] extends GenericSchema ? Omit<...>[SchemaNameOrClientOptions extends strin...' is not assignable to type '{ status: string; }'.
            Type '((Omit<Database, "__InternalSupabase">[SchemaNameOrClientOptions extends string & Exclude<keyof Database, "__InternalSupabase"> ? SchemaNameOrClientOptions : "public" extends Exclude<...> ? "public" : string & Exclude<...>] extends GenericSchema ? Omit<...>[SchemaNameOrClientOptions extends string & Exclude<...> ? S...' is not assignable to type '{ status: string; }'.
              Type '(Omit<Database, "__InternalSupabase">[SchemaNameOrClientOptions extends string & Exclude<keyof Database, "__InternalSupabase"> ? SchemaNameOrClientOptions : "public" extends Exclude<...> ? "public" : string & Exclude<...>]["Tables"]["attendance_logs"] extends { ...; } ? R : unknown) extends null ? ProcessSimpleField...' is not assignable to type '{ status: string; }'.
                Type 'ProcessSimpleField<(Omit<Database, "__InternalSupabase">[SchemaNameOrClientOptions extends string & Exclude<keyof Database, "__InternalSupabase"> ? SchemaNameOrClientOptions : "public" extends Exclude<...> ? "public" : string & Exclude<...>] extends GenericSchema ? Omit<...>[SchemaNameOrClientOptions extends string ...' is not assignable to type '{ status: string; }'.
                  Type 'SelectQueryError<"Processing node failed."> | SelectQueryError<"Could not retrieve a valid record or error value">' is not assignable to type '{ status: string; }'.
                    Property 'status' is missing in type '{ error: true; } & String' but required in type '{ status: string; }'.
lib/supabase/attendance.ts(261,18): error TS2769: No overload matches this call.
  Overload 1 of 2, '(predicate: (value: GetResult<Omit<Database, "__InternalSupabase">[SchemaNameOrClientOptions extends string & Exclude<keyof Database, "__InternalSupabase"> ? SchemaNameOrClientOptions : "public" extends Exclude<...> ? "public" : string & Exclude<...>] extends GenericSchema ? Omit<...>[SchemaNameOrClientOptions extends string & Exclude<...> ? SchemaNameOrClientOptions : "public" extends Exclude<...> ? "public" : string & Exclude<...>] : never, ... 4 more ..., ("public" extends Exclude<...> ? "public" : string & Exclude<...>) extends "public" ? { ...; } : ("public" extends Exclude<...> ? "public" : string & Exclude<...>) extends { ...; } ? { ...; } & ("public" extends Exclude<...> ? "public" : string & Exclude<...>) : never>, index: number, array: GetResult<...>[]) => value is GetResult<...>, thisArg?: any): GetResult<...>[]', gave the following error.
    Argument of type '(log: { status: string; }) => boolean' is not assignable to parameter of type '(value: GetResult<Omit<Database, "__InternalSupabase">[SchemaNameOrClientOptions extends string & Exclude<keyof Database, "__InternalSupabase"> ? SchemaNameOrClientOptions : "public" extends Exclude<...> ? "public" : string & Exclude<...>] extends GenericSchema ? Omit<...>[SchemaNameOrClientOptions extends string & ...'.
      Types of parameters 'log' and 'value' are incompatible.
        Type 'GetResult<Omit<Database, "__InternalSupabase">[SchemaNameOrClientOptions extends string & Exclude<keyof Database, "__InternalSupabase"> ? SchemaNameOrClientOptions : "public" extends Exclude<...> ? "public" : string & Exclude<...>] extends GenericSchema ? Omit<...>[SchemaNameOrClientOptions extends string & Exclude<...' is not assignable to type '{ status: string; }'.
          Type '{ status: any; } | (((Omit<Database, "__InternalSupabase">[SchemaNameOrClientOptions extends string & Exclude<keyof Database, "__InternalSupabase"> ? SchemaNameOrClientOptions : "public" extends Exclude<...> ? "public" : string & Exclude<...>] extends GenericSchema ? Omit<...>[SchemaNameOrClientOptions extends strin...' is not assignable to type '{ status: string; }'.
            Type '((Omit<Database, "__InternalSupabase">[SchemaNameOrClientOptions extends string & Exclude<keyof Database, "__InternalSupabase"> ? SchemaNameOrClientOptions : "public" extends Exclude<...> ? "public" : string & Exclude<...>] extends GenericSchema ? Omit<...>[SchemaNameOrClientOptions extends string & Exclude<...> ? S...' is not assignable to type '{ status: string; }'.
              Type '(Omit<Database, "__InternalSupabase">[SchemaNameOrClientOptions extends string & Exclude<keyof Database, "__InternalSupabase"> ? SchemaNameOrClientOptions : "public" extends Exclude<...> ? "public" : string & Exclude<...>]["Tables"]["attendance_logs"] extends { ...; } ? R : unknown) extends null ? ProcessSimpleField...' is not assignable to type '{ status: string; }'.
                Type 'ProcessSimpleField<(Omit<Database, "__InternalSupabase">[SchemaNameOrClientOptions extends string & Exclude<keyof Database, "__InternalSupabase"> ? SchemaNameOrClientOptions : "public" extends Exclude<...> ? "public" : string & Exclude<...>] extends GenericSchema ? Omit<...>[SchemaNameOrClientOptions extends string ...' is not assignable to type '{ status: string; }'.
                  Type 'SelectQueryError<"Processing node failed."> | SelectQueryError<"Could not retrieve a valid record or error value">' is not assignable to type '{ status: string; }'.
                    Property 'status' is missing in type '{ error: true; } & String' but required in type '{ status: string; }'.
  Overload 2 of 2, '(predicate: (value: GetResult<Omit<Database, "__InternalSupabase">[SchemaNameOrClientOptions extends string & Exclude<keyof Database, "__InternalSupabase"> ? SchemaNameOrClientOptions : "public" extends Exclude<...> ? "public" : string & Exclude<...>] extends GenericSchema ? Omit<...>[SchemaNameOrClientOptions extends string & Exclude<...> ? SchemaNameOrClientOptions : "public" extends Exclude<...> ? "public" : string & Exclude<...>] : never, ... 4 more ..., ("public" extends Exclude<...> ? "public" : string & Exclude<...>) extends "public" ? { ...; } : ("public" extends Exclude<...> ? "public" : string & Exclude<...>) extends { ...; } ? { ...; } & ("public" extends Exclude<...> ? "public" : string & Exclude<...>) : never>, index: number, array: GetResult<...>[]) => unknown, thisArg?: any): GetResult<...>[]', gave the following error.
    Argument of type '(log: { status: string; }) => boolean' is not assignable to parameter of type '(value: GetResult<Omit<Database, "__InternalSupabase">[SchemaNameOrClientOptions extends string & Exclude<keyof Database, "__InternalSupabase"> ? SchemaNameOrClientOptions : "public" extends Exclude<...> ? "public" : string & Exclude<...>] extends GenericSchema ? Omit<...>[SchemaNameOrClientOptions extends string & ...'.
      Types of parameters 'log' and 'value' are incompatible.
        Type 'GetResult<Omit<Database, "__InternalSupabase">[SchemaNameOrClientOptions extends string & Exclude<keyof Database, "__InternalSupabase"> ? SchemaNameOrClientOptions : "public" extends Exclude<...> ? "public" : string & Exclude<...>] extends GenericSchema ? Omit<...>[SchemaNameOrClientOptions extends string & Exclude<...' is not assignable to type '{ status: string; }'.
          Type '{ status: any; } | (((Omit<Database, "__InternalSupabase">[SchemaNameOrClientOptions extends string & Exclude<keyof Database, "__InternalSupabase"> ? SchemaNameOrClientOptions : "public" extends Exclude<...> ? "public" : string & Exclude<...>] extends GenericSchema ? Omit<...>[SchemaNameOrClientOptions extends strin...' is not assignable to type '{ status: string; }'.
            Type '((Omit<Database, "__InternalSupabase">[SchemaNameOrClientOptions extends string & Exclude<keyof Database, "__InternalSupabase"> ? SchemaNameOrClientOptions : "public" extends Exclude<...> ? "public" : string & Exclude<...>] extends GenericSchema ? Omit<...>[SchemaNameOrClientOptions extends string & Exclude<...> ? S...' is not assignable to type '{ status: string; }'.
              Type '(Omit<Database, "__InternalSupabase">[SchemaNameOrClientOptions extends string & Exclude<keyof Database, "__InternalSupabase"> ? SchemaNameOrClientOptions : "public" extends Exclude<...> ? "public" : string & Exclude<...>]["Tables"]["attendance_logs"] extends { ...; } ? R : unknown) extends null ? ProcessSimpleField...' is not assignable to type '{ status: string; }'.
                Type 'ProcessSimpleField<(Omit<Database, "__InternalSupabase">[SchemaNameOrClientOptions extends string & Exclude<keyof Database, "__InternalSupabase"> ? SchemaNameOrClientOptions : "public" extends Exclude<...> ? "public" : string & Exclude<...>] extends GenericSchema ? Omit<...>[SchemaNameOrClientOptions extends string ...' is not assignable to type '{ status: string; }'.
                  Type 'SelectQueryError<"Processing node failed."> | SelectQueryError<"Could not retrieve a valid record or error value">' is not assignable to type '{ status: string; }'.
                    Property 'status' is missing in type '{ error: true; } & String' but required in type '{ status: string; }'.
lib/supabase/attendance.ts(262,29): error TS2769: No overload matches this call.
  Overload 1 of 2, '(predicate: (value: GetResult<Omit<Database, "__InternalSupabase">[SchemaNameOrClientOptions extends string & Exclude<keyof Database, "__InternalSupabase"> ? SchemaNameOrClientOptions : "public" extends Exclude<...> ? "public" : string & Exclude<...>] extends GenericSchema ? Omit<...>[SchemaNameOrClientOptions extends string & Exclude<...> ? SchemaNameOrClientOptions : "public" extends Exclude<...> ? "public" : string & Exclude<...>] : never, ... 4 more ..., ("public" extends Exclude<...> ? "public" : string & Exclude<...>) extends "public" ? { ...; } : ("public" extends Exclude<...> ? "public" : string & Exclude<...>) extends { ...; } ? { ...; } & ("public" extends Exclude<...> ? "public" : string & Exclude<...>) : never>, index: number, array: GetResult<...>[]) => value is GetResult<...>, thisArg?: any): GetResult<...>[]', gave the following error.
    Argument of type '(log: { status: string; }) => boolean' is not assignable to parameter of type '(value: GetResult<Omit<Database, "__InternalSupabase">[SchemaNameOrClientOptions extends string & Exclude<keyof Database, "__InternalSupabase"> ? SchemaNameOrClientOptions : "public" extends Exclude<...> ? "public" : string & Exclude<...>] extends GenericSchema ? Omit<...>[SchemaNameOrClientOptions extends string & ...'.
      Types of parameters 'log' and 'value' are incompatible.
        Type 'GetResult<Omit<Database, "__InternalSupabase">[SchemaNameOrClientOptions extends string & Exclude<keyof Database, "__InternalSupabase"> ? SchemaNameOrClientOptions : "public" extends Exclude<...> ? "public" : string & Exclude<...>] extends GenericSchema ? Omit<...>[SchemaNameOrClientOptions extends string & Exclude<...' is not assignable to type '{ status: string; }'.
          Type '{ status: any; } | (((Omit<Database, "__InternalSupabase">[SchemaNameOrClientOptions extends string & Exclude<keyof Database, "__InternalSupabase"> ? SchemaNameOrClientOptions : "public" extends Exclude<...> ? "public" : string & Exclude<...>] extends GenericSchema ? Omit<...>[SchemaNameOrClientOptions extends strin...' is not assignable to type '{ status: string; }'.
            Type '((Omit<Database, "__InternalSupabase">[SchemaNameOrClientOptions extends string & Exclude<keyof Database, "__InternalSupabase"> ? SchemaNameOrClientOptions : "public" extends Exclude<...> ? "public" : string & Exclude<...>] extends GenericSchema ? Omit<...>[SchemaNameOrClientOptions extends string & Exclude<...> ? S...' is not assignable to type '{ status: string; }'.
              Type '(Omit<Database, "__InternalSupabase">[SchemaNameOrClientOptions extends string & Exclude<keyof Database, "__InternalSupabase"> ? SchemaNameOrClientOptions : "public" extends Exclude<...> ? "public" : string & Exclude<...>]["Tables"]["attendance_logs"] extends { ...; } ? R : unknown) extends null ? ProcessSimpleField...' is not assignable to type '{ status: string; }'.
                Type 'ProcessSimpleField<(Omit<Database, "__InternalSupabase">[SchemaNameOrClientOptions extends string & Exclude<keyof Database, "__InternalSupabase"> ? SchemaNameOrClientOptions : "public" extends Exclude<...> ? "public" : string & Exclude<...>] extends GenericSchema ? Omit<...>[SchemaNameOrClientOptions extends string ...' is not assignable to type '{ status: string; }'.
                  Type 'SelectQueryError<"Processing node failed."> | SelectQueryError<"Could not retrieve a valid record or error value">' is not assignable to type '{ status: string; }'.
                    Property 'status' is missing in type '{ error: true; } & String' but required in type '{ status: string; }'.
  Overload 2 of 2, '(predicate: (value: GetResult<Omit<Database, "__InternalSupabase">[SchemaNameOrClientOptions extends string & Exclude<keyof Database, "__InternalSupabase"> ? SchemaNameOrClientOptions : "public" extends Exclude<...> ? "public" : string & Exclude<...>] extends GenericSchema ? Omit<...>[SchemaNameOrClientOptions extends string & Exclude<...> ? SchemaNameOrClientOptions : "public" extends Exclude<...> ? "public" : string & Exclude<...>] : never, ... 4 more ..., ("public" extends Exclude<...> ? "public" : string & Exclude<...>) extends "public" ? { ...; } : ("public" extends Exclude<...> ? "public" : string & Exclude<...>) extends { ...; } ? { ...; } & ("public" extends Exclude<...> ? "public" : string & Exclude<...>) : never>, index: number, array: GetResult<...>[]) => unknown, thisArg?: any): GetResult<...>[]', gave the following error.
    Argument of type '(log: { status: string; }) => boolean' is not assignable to parameter of type '(value: GetResult<Omit<Database, "__InternalSupabase">[SchemaNameOrClientOptions extends string & Exclude<keyof Database, "__InternalSupabase"> ? SchemaNameOrClientOptions : "public" extends Exclude<...> ? "public" : string & Exclude<...>] extends GenericSchema ? Omit<...>[SchemaNameOrClientOptions extends string & ...'.
      Types of parameters 'log' and 'value' are incompatible.
        Type 'GetResult<Omit<Database, "__InternalSupabase">[SchemaNameOrClientOptions extends string & Exclude<keyof Database, "__InternalSupabase"> ? SchemaNameOrClientOptions : "public" extends Exclude<...> ? "public" : string & Exclude<...>] extends GenericSchema ? Omit<...>[SchemaNameOrClientOptions extends string & Exclude<...' is not assignable to type '{ status: string; }'.
          Type '{ status: any; } | (((Omit<Database, "__InternalSupabase">[SchemaNameOrClientOptions extends string & Exclude<keyof Database, "__InternalSupabase"> ? SchemaNameOrClientOptions : "public" extends Exclude<...> ? "public" : string & Exclude<...>] extends GenericSchema ? Omit<...>[SchemaNameOrClientOptions extends strin...' is not assignable to type '{ status: string; }'.
            Type '((Omit<Database, "__InternalSupabase">[SchemaNameOrClientOptions extends string & Exclude<keyof Database, "__InternalSupabase"> ? SchemaNameOrClientOptions : "public" extends Exclude<...> ? "public" : string & Exclude<...>] extends GenericSchema ? Omit<...>[SchemaNameOrClientOptions extends string & Exclude<...> ? S...' is not assignable to type '{ status: string; }'.
              Type '(Omit<Database, "__InternalSupabase">[SchemaNameOrClientOptions extends string & Exclude<keyof Database, "__InternalSupabase"> ? SchemaNameOrClientOptions : "public" extends Exclude<...> ? "public" : string & Exclude<...>]["Tables"]["attendance_logs"] extends { ...; } ? R : unknown) extends null ? ProcessSimpleField...' is not assignable to type '{ status: string; }'.
                Type 'ProcessSimpleField<(Omit<Database, "__InternalSupabase">[SchemaNameOrClientOptions extends string & Exclude<keyof Database, "__InternalSupabase"> ? SchemaNameOrClientOptions : "public" extends Exclude<...> ? "public" : string & Exclude<...>] extends GenericSchema ? Omit<...>[SchemaNameOrClientOptions extends string ...' is not assignable to type '{ status: string; }'.
                  Type 'SelectQueryError<"Processing node failed."> | SelectQueryError<"Could not retrieve a valid record or error value">' is not assignable to type '{ status: string; }'.
                    Property 'status' is missing in type '{ error: true; } & String' but required in type '{ status: string; }'.
lib/supabase/attendance.ts(292,21): error TS2345: Argument of type 'string' is not assignable to parameter of type '("class_id" extends keyof (Omit<Database, "__InternalSupabase">[SchemaNameOrClientOptions extends string & Exclude<keyof Database, "__InternalSupabase"> ? SchemaNameOrClientOptions : "public" extends Exclude<...> ? "public" : string & Exclude<...>] extends GenericSchema ? Omit<...>[SchemaNameOrClientOptions extends ...'.
lib/supabase/attendance.ts(293,22): error TS2345: Argument of type 'boolean' is not assignable to parameter of type '("is_active" extends keyof (Omit<Database, "__InternalSupabase">[SchemaNameOrClientOptions extends string & Exclude<...> ? SchemaNameOrClientOptions : "public" extends Exclude<...> ? "public" : string & Exclude<...>] extends GenericSchema ? Omit<...>[SchemaNameOrClientOptions extends string & Exclude<...> ? SchemaNa...'.
lib/supabase/attendance.ts(305,21): error TS2345: Argument of type 'string' is not assignable to parameter of type '("class_id" extends keyof (Omit<Database, "__InternalSupabase">[SchemaNameOrClientOptions extends string & Exclude<keyof Database, "__InternalSupabase"> ? SchemaNameOrClientOptions : "public" extends Exclude<...> ? "public" : string & Exclude<...>] extends GenericSchema ? Omit<...>[SchemaNameOrClientOptions extends ...'.
lib/supabase/classes.ts(19,30): error TS2345: Argument of type 'number' is not assignable to parameter of type '("year" extends keyof (Omit<Database, "__InternalSupabase">[SchemaNameOrClientOptions extends string & Exclude<keyof Database, "__InternalSupabase"> ? SchemaNameOrClientOptions : "public" extends Exclude<...> ? "public" : string & Exclude<...>] extends GenericSchema ? Omit<...>[SchemaNameOrClientOptions extends stri...'.
lib/supabase/classes.ts(22,30): error TS2345: Argument of type 'number' is not assignable to parameter of type '("year" extends keyof (Omit<Database, "__InternalSupabase">[SchemaNameOrClientOptions extends string & Exclude<keyof Database, "__InternalSupabase"> ? SchemaNameOrClientOptions : "public" extends Exclude<...> ? "public" : string & Exclude<...>] extends GenericSchema ? Omit<...>[SchemaNameOrClientOptions extends stri...'.
lib/supabase/classes.ts(48,69): error TS2345: Argument of type 'string' is not assignable to parameter of type '("department" extends keyof (Omit<Database, "__InternalSupabase">[SchemaNameOrClientOptions extends string & Exclude<...> ? SchemaNameOrClientOptions : "public" extends Exclude<...> ? "public" : string & Exclude<...>] extends GenericSchema ? Omit<...>[SchemaNameOrClientOptions extends string & Exclude<...> ? SchemaN...'.
lib/supabase/classes.ts(52,30): error TS2345: Argument of type 'number' is not assignable to parameter of type '("year" extends keyof (Omit<Database, "__InternalSupabase">[SchemaNameOrClientOptions extends string & Exclude<keyof Database, "__InternalSupabase"> ? SchemaNameOrClientOptions : "public" extends Exclude<...> ? "public" : string & Exclude<...>] extends GenericSchema ? Omit<...>[SchemaNameOrClientOptions extends stri...'.
lib/supabase/classes.ts(55,30): error TS2345: Argument of type 'number' is not assignable to parameter of type '("year" extends keyof (Omit<Database, "__InternalSupabase">[SchemaNameOrClientOptions extends string & Exclude<keyof Database, "__InternalSupabase"> ? SchemaNameOrClientOptions : "public" extends Exclude<...> ? "public" : string & Exclude<...>] extends GenericSchema ? Omit<...>[SchemaNameOrClientOptions extends stri...'.
lib/supabase/classes.ts(81,15): error TS2345: Argument of type 'string' is not assignable to parameter of type '("id" extends keyof (Omit<Database, "__InternalSupabase">[SchemaNameOrClientOptions extends string & Exclude<keyof Database, "__InternalSupabase"> ? SchemaNameOrClientOptions : "public" extends Exclude<...> ? "public" : string & Exclude<...>] extends GenericSchema ? Omit<...>[SchemaNameOrClientOptions extends string...'.
lib/supabase/classes.ts(181,30): error TS2345: Argument of type 'number' is not assignable to parameter of type '("year" extends keyof (Omit<Database, "__InternalSupabase">[SchemaNameOrClientOptions extends string & Exclude<keyof Database, "__InternalSupabase"> ? SchemaNameOrClientOptions : "public" extends Exclude<...> ? "public" : string & Exclude<...>] extends GenericSchema ? Omit<...>[SchemaNameOrClientOptions extends stri...'.
lib/supabase/classes.ts(184,30): error TS2345: Argument of type 'number' is not assignable to parameter of type '("year" extends keyof (Omit<Database, "__InternalSupabase">[SchemaNameOrClientOptions extends string & Exclude<keyof Database, "__InternalSupabase"> ? SchemaNameOrClientOptions : "public" extends Exclude<...> ? "public" : string & Exclude<...>] extends GenericSchema ? Omit<...>[SchemaNameOrClientOptions extends stri...'.
lib/supabase/client.ts(20,5): error TS2353: Object literal may only specify known properties, and 'onError' does not exist in type '{ fetch?: { (input: URL | RequestInfo, init?: RequestInit | undefined): Promise<Response>; (input: string | URL | Request, init?: RequestInit | undefined): Promise<...>; } | undefined; headers?: Record<...> | undefined; }'.
lib/supabase/client.ts(20,15): error TS7006: Parameter 'error' implicitly has an 'any' type.
lib/supabase/students.ts(26,32): error TS2345: Argument of type 'string' is not assignable to parameter of type '("class_id" extends keyof (Omit<Database, "__InternalSupabase">[SchemaNameOrClientOptions extends string & Exclude<keyof Database, "__InternalSupabase"> ? SchemaNameOrClientOptions : "public" extends Exclude<...> ? "public" : string & Exclude<...>] extends GenericSchema ? Omit<...>[SchemaNameOrClientOptions extends ...'.
lib/supabase/students.ts(30,33): error TS2345: Argument of type 'boolean' is not assignable to parameter of type '("is_active" extends keyof (Omit<Database, "__InternalSupabase">[SchemaNameOrClientOptions extends string & Exclude<...> ? SchemaNameOrClientOptions : "public" extends Exclude<...> ? "public" : string & Exclude<...>] extends GenericSchema ? Omit<...>[SchemaNameOrClientOptions extends string & Exclude<...> ? SchemaNa...'.
lib/supabase/students.ts(59,15): error TS2345: Argument of type 'string' is not assignable to parameter of type '("id" extends keyof (Omit<Database, "__InternalSupabase">[SchemaNameOrClientOptions extends string & Exclude<keyof Database, "__InternalSupabase"> ? SchemaNameOrClientOptions : "public" extends Exclude<...> ? "public" : string & Exclude<...>] extends GenericSchema ? Omit<...>[SchemaNameOrClientOptions extends string...'.
lib/supabase/students.ts(84,33): error TS2345: Argument of type 'boolean' is not assignable to parameter of type '("is_active" extends keyof (Omit<Database, "__InternalSupabase">[SchemaNameOrClientOptions extends string & Exclude<...> ? SchemaNameOrClientOptions : "public" extends Exclude<...> ? "public" : string & Exclude<...>] extends GenericSchema ? Omit<...>[SchemaNameOrClientOptions extends string & Exclude<...> ? SchemaNa...'.
lib/supabase/students.ts(125,10): error TS2352: Conversion of type 'SelectQueryError<"Processing node failed."> | SelectQueryError<"Could not retrieve a valid record or error value">' to type 'Student' may be a mistake because neither type sufficiently overlaps with the other. If this was intentional, convert the expression to 'unknown' first.
  Type '{ error: true; } & String' is missing the following properties from type 'Student': id, name, birthday, gender, and 10 more.
lib/supabase/students.ts(258,15): error TS2345: Argument of type 'string' is not assignable to parameter of type '("id" extends keyof (Omit<Database, "__InternalSupabase">[SchemaNameOrClientOptions extends string & Exclude<keyof Database, "__InternalSupabase"> ? SchemaNameOrClientOptions : "public" extends Exclude<...> ? "public" : string & Exclude<...>] extends GenericSchema ? Omit<...>[SchemaNameOrClientOptions extends string...'.
lib/supabase/students.ts(270,18): error TS2352: Conversion of type 'SelectQueryError<"Processing node failed."> | SelectQueryError<"Could not retrieve a valid record or error value">' to type 'Student' may be a mistake because neither type sufficiently overlaps with the other. If this was intentional, convert the expression to 'unknown' first.
  Type '{ error: true; } & String' is missing the following properties from type 'Student': id, name, birthday, gender, and 10 more.
