node.exe : [33mThe CJS build
 of Vite's Node API is deprec
ated. See https://vite.dev/gu
ide/troubleshooting.html#vite
-cjs-node-api-deprecated for 
more details.[39m
위치 줄:1 문자:1
+ & "C:\Program Files\nodejs/
node.exe" "C:\Program Files\n
odejs/node_mo ...
+ ~~~~~~~~~~~~~~~~~~~~~~~~~~~
~~~~~~~~~~~~~~~~~~~~~~~~~~~~~
~~~~~~~~~~~~~
    + CategoryInfo           
   : NotSpecified: ([33mTh  
  e CJS bu...e details.[3   
 9m:String) [], RemoteExc    
eption
    + FullyQualifiedErrorId  
   : NativeCommandError
 

[7m[1m[36m RUN [39m[22m[27m [36mv1.6.1[39m [90mD:/DATA/AI_PROGRAMING/SundaySchool[39m

 [33m??[39m __tests__/attendance-api.test.ts [2m ([22m[2m9 tests[22m [2m|[22m [31m2 failed[39m[2m)[22m[90m 24[2mms[22m[39m
[31m   [33m??[31m __tests__/attendance-api.test.ts[2m > [22mAttendance API[2m > [22mgetAttendanceLogByStudentAndDate[2m > [22mshould get attendance log by student_id and date[39m
[31m     ??supabase.from(...).select(...).eq(...).eq(...).maybeSingle is not a function[39m
[31m   [33m??[31m __tests__/attendance-api.test.ts[2m > [22mAttendance API[2m > [22mgetAttendanceLogByStudentAndDate[2m > [22mshould return null if not found[39m
[31m     ??supabase.from(...).select(...).eq(...).eq(...).maybeSingle is not a function[39m
 [32m??[39m __tests__/visitation-api.test.ts [2m ([22m[2m11 tests[22m[2m)[22m[90m 12[2mms[22m[39m
 [32m??[39m __tests__/student-profile.test.ts [2m ([22m[2m6 tests[22m[2m)[22m[90m 10[2mms[22m[39m
 [32m??[39m __tests__/student-list.test.ts [2m ([22m[2m6 tests[22m[2m)[22m[90m 19[2mms[22m[39m
 [32m??[39m __tests__/absence-alert.test.ts [2m ([22m[2m6 tests[22m[2m)[22m[90m 10[2mms[22m[39m
 [33m??[39m __tests__/login.test.tsx [2m ([22m[2m6 tests[22m [2m|[22m [31m6 failed[39m[2m)[22m[90m 177[2mms[22m[39m
[31m   [33m??[31m __tests__/login.test.tsx[2m > [22mLoginPage[2m > [22mshould render login form[39m
[31m     ??Unable to find a label with the text of: /?대찓??i

Ignored nodes: comments, script, style
[36m<body>[31m
  [36m<div>[31m
    [36m<div[31m
      [33mclass[31m=[32m"flex min-h-screen items-center justify-center"[31m
    [36m>[31m
      [36m<div[31m
        [33mclass[31m=[32m"text-center"[31m
      [36m>[31m
        [36m<p[31m
          [33mclass[31m=[32m"text-muted-foreground"[31m
        [36m>[31m
          [0m由щ떎?대젆??以?..[0m
        [36m</p>[31m
      [36m</div>[31m
    [36m</div>[31m
  [36m</div>[31m
[36m</body>[31m[39m
[31m   [33m??[31m __tests__/login.test.tsx[2m > [22mLoginPage[2m > [22mshould show loading state when auth is loading[39m
[31m     ??Unable to find an element with the text: /濡쒕뵫 以?i. This could be because the text is broken up by multiple elements. In this case, you can provide a function for your text matcher to make your matcher more flexible.

Ignored nodes: comments, script, style
[36m<body>[31m
  [36m<div>[31m
    [36m<div[31m
      [33mclass[31m=[32m"flex min-h-screen items-center justify-center"[31m
    [36m>[31m
      [36m<div[31m
        [33mclass[31m=[32m"text-center"[31m
      [36m>[31m
        [36m<p[31m
          [33mclass[31m=[32m"text-muted-foreground"[31m
        [36m>[31m
          [0m由щ떎?대젆??以?..[0m
        [36m</p>[31m
      [36m</div>[31m
    [36m</div>[31m
  [36m</div>[31m
[36m</body>[31m[39m
[31m   [33m??[31m __tests__/login.test.tsx[2m > [22mLoginPage[2m > [22mshould redirect to dashboard when already authenticated[39m
[31m     ??expected "spy" to be called with arguments: [ '/dashboard' ][90m

Received: 

[31m[90m

Number of calls: [1m0[22m
[31m[39m
[31m   [33m??[31m __tests__/login.test.tsx[2m > [22mLoginPage[2m > [22mshould submit form with email and password[39m
[31m     ??Unable to find a label with the text of: /?대찓??i

Ignored nodes: comments, script, style
[36m<body>[31m
  [36m<div>[31m
    [36m<div[31m
      [33mclass[31m=[32m"flex min-h-screen items-center justify-center"[31m
    [36m>[31m
      [36m<div[31m
        [33mclass[31m=[32m"text-center"[31m
      [36m>[31m
        [36m<p[31m
          [33mclass[31m=[32m"text-muted-foreground"[31m
        [36m>[31m
          [0m由щ떎?대젆??以?..[0m
        [36m</p>[31m
      [36m</div>[31m
    [36m</div>[31m
  [36m</div>[31m
[36m</body>[31m[39m
[31m   [33m??[31m __tests__/login.test.tsx[2m > [22mLoginPage[2m > [22mshould display error message when login fails[39m
[31m     ??Unable to find a label with the text of: /?대찓??i

Ignored nodes: comments, script, style
[36m<body>[31m
  [36m<div>[31m
    [36m<div[31m
      [33mclass[31m=[32m"flex min-h-screen items-center justify-center"[31m
    [36m>[31m
      [36m<div[31m
        [33mclass[31m=[32m"text-center"[31m
      [36m>[31m
        [36m<p[31m
          [33mclass[31m=[32m"text-muted-foreground"[31m
        [36m>[31m
          [0m由щ떎?대젆??以?..[0m
        [36m</p>[31m
      [36m</div>[31m
    [36m</div>[31m
  [36m</div>[31m
[36m</body>[31m[39m
[31m   [33m??[31m __tests__/login.test.tsx[2m > [22mLoginPage[2m > [22mshould redirect to dashboard on successful login[39m
[31m     ??Unable to find a label with the text of: /?대찓??i

Ignored nodes: comments, script, style
[36m<body>[31m
  [36m<div>[31m
    [36m<div[31m
      [33mclass[31m=[32m"flex min-h-screen items-center justify-center"[31m
    [36m>[31m
      [36m<div[31m
        [33mclass[31m=[32m"text-center"[31m
      [36m>[31m
        [36m<p[31m
          [33mclass[31m=[32m"text-muted-foreground"[31m
        [36m>[31m
          [0m由щ떎?대젆??以?..[0m
        [36m</p>[31m
      [36m</div>[31m
    [36m</div>[31m
  [36m</div>[31m
[36m</body>[31m[39m
 [32m??[39m __tests__/AbsenceAlertList.test.tsx [2m ([22m[2m6 tests[22m[2m)[22m[90m 299[2mms[22m[39m
 [32m??[39m __tests__/AbsenceAlertBadge.test.tsx [2m ([22m[2m6 tests[22m[2m)[22m[90m 101[2mms[22m[39m
 [33m??[39m __tests__/VisitationTimeline.test.tsx [2m ([22m[2m7 tests[22m [2m|[22m [31m7 failed[39m[2m)[22m[90m 74[2mms[22m[39m
[31m   [33m??[31m __tests__/VisitationTimeline.test.tsx[2m > [22mVisitationTimeline[2m > [22mshould render visitation timeline with records[39m
[31m     ??Cannot read properties of undefined (reading 'getSession')[39m
[31m   [33m??[31m __tests__/VisitationTimeline.test.tsx[2m > [22mVisitationTimeline[2m > [22mshould display visitation type correctly[39m
[31m     ??Cannot read properties of undefined (reading 'getSession')[39m
[31m   [33m??[31m __tests__/VisitationTimeline.test.tsx[2m > [22mVisitationTimeline[2m > [22mshould display prayer request when available[39m
[31m     ??Cannot read properties of undefined (reading 'getSession')[39m
[31m   [33m??[31m __tests__/VisitationTimeline.test.tsx[2m > [22mVisitationTimeline[2m > [22mshould display confidential indicator for confidential visitations[39m
[31m     ??Cannot read properties of undefined (reading 'getSession')[39m
[31m   [33m??[31m __tests__/VisitationTimeline.test.tsx[2m > [22mVisitationTimeline[2m > [22mshould show loading state when data is loading[39m
[31m     ??Cannot read properties of undefined (reading 'getSession')[39m
[31m   [33m??[31m __tests__/VisitationTimeline.test.tsx[2m > [22mVisitationTimeline[2m > [22mshould show empty state when no visitations[39m
[31m     ??Cannot read properties of undefined (reading 'getSession')[39m
[31m   [33m??[31m __tests__/VisitationTimeline.test.tsx[2m > [22mVisitationTimeline[2m > [22mshould display visitations in reverse chronological order[39m
[31m     ??Cannot read properties of undefined (reading 'getSession')[39m
 [33m??[39m __tests__/StudentProfile.test.tsx [2m ([22m[2m7 tests[22m [2m|[22m [31m7 failed[39m[2m)[22m[90m 76[2mms[22m[39m
[31m   [33m??[31m __tests__/StudentProfile.test.tsx[2m > [22mStudentProfile[2m > [22mshould render student profile with basic information[39m
[31m     ??Cannot read properties of undefined (reading 'getSession')[39m
[31m   [33m??[31m __tests__/StudentProfile.test.tsx[2m > [22mStudentProfile[2m > [22mshould display student birthday when available[39m
[31m     ??Cannot read properties of undefined (reading 'getSession')[39m
[31m   [33m??[31m __tests__/StudentProfile.test.tsx[2m > [22mStudentProfile[2m > [22mshould display allergies information when available[39m
[31m     ??Cannot read properties of undefined (reading 'getSession')[39m
[31m   [33m??[31m __tests__/StudentProfile.test.tsx[2m > [22mStudentProfile[2m > [22mshould display parent contact information[39m
[31m     ??Cannot read properties of undefined (reading 'getSession')[39m
[31m   [33m??[31m __tests__/StudentProfile.test.tsx[2m > [22mStudentProfile[2m > [22mshould show loading state when data is loading[39m
[31m     ??Cannot read properties of undefined (reading 'getSession')[39m
[31m   [33m??[31m __tests__/StudentProfile.test.tsx[2m > [22mStudentProfile[2m > [22mshould show error message when student not found[39m
[31m     ??Cannot read properties of undefined (reading 'getSession')[39m
[31m   [33m??[31m __tests__/StudentProfile.test.tsx[2m > [22mStudentProfile[2m > [22mshould display school name when available[39m
[31m     ??Cannot read properties of undefined (reading 'getSession')[39m
 [32m??[39m __tests__/StudentEditForm.test.tsx [2m ([22m[2m7 tests[22m[2m)[22m[33m 861[2mms[22m[39m
 [32m??[39m __tests__/onboarding.test.tsx [2m ([22m[2m9 tests[22m[2m)[22m[33m 1198[2mms[22m[39m
[90mstderr[2m | __tests__/a
uth.test.tsx[2m > [22m[2mu
seAuth Hook[2m > [22m[2msh
ould initialize with loading 
state[22m[39m
An update to TestComponent in
side a test was not wrapped i
n act(...).

When testing, code that cause
s React state updates should 
be wrapped into act(...):

act(() => {
  /* fire events that update 
state */
});
/* assert on the output */

This ensures that you're test
ing the behavior the user wou
ld see in the browser. Learn 
more at https://react.dev/lin
k/wrap-tests-with-act

 [33m??[39m __tests__/ClassTree.test.tsx [2m ([22m[2m0 test[22m[2m)[22m
 [32m??[39m __tests__/auth.test.tsx [2m ([22m[2m6 tests[22m[2m)[22m[90m 173[2mms[22m[39m
 [32m??[39m __tests__/AttendanceStats.test.tsx [2m ([22m[2m7 tests[22m[2m)[22m[90m 239[2mms[22m[39m
 [33m??[39m __tests__/AttendanceCard.test.tsx [2m ([22m[2m9 tests[22m [2m|[22m [31m1 failed[39m[2m)[22m[33m 1566[2mms[22m[39m
[31m   [33m??[31m __tests__/AttendanceCard.test.tsx[2m > [22mAttendanceCard[2m > [22mshould toggle from late to absent on click when already late[39m
[31m     ??expected "spy" to be called with arguments: [ { status: 'absent', ??1) } ][90m

Received: 

[31m[90m

Number of calls: [1m0[22m
[31m

Ignored nodes: comments, script, style
[36m<html>[31m
  [36m<head />[31m
  [36m<body[31m
    [33mdata-scroll-locked[31m=[32m"1"[31m
    [33mstyle[31m=[32m"pointer-events: none;"[31m
  [36m>[31m
    [36m<span[31m
      [33maria-hidden[31m=[32m"true"[31m
      [33mdata-aria-hidden[31m=[32m"true"[31m
      [33mdata-radix-focus-guard[31m=[32m""[31m
      [33mstyle[31m=[32m"outline: none; opacity: 0; position: fixed; pointer-events: none;"[31m
      [33mtabindex[31m=[32m"0"[31m
    [36m/>[31m
    [36m<div[31m
      [33maria-hidden[31m=[32m"true"[31m
      [33mdata-aria-hidden[31m=[32m"true"[31m
    [36m>[31m
      [36m<div[31m
        [33maria-busy[31m=[32m"false"[31m
        [33maria-label[31m=[32m"源泥좎닔 異쒖꽍 泥댄겕"[31m
        [33mclass[31m=[32m"rounded-lg border text-card-foreground shadow-sm min-h-[48px] p-4 cursor-pointer transition-all hover:shadow-md active:scale-95 border-amber-500 bg-amber-50"[31m
        [33mrole[31m=[32m"button"[31m
        [33mtabindex[31m=[32m"0"[31m
      [36m>[31m
        [36m<div[31m
          [33mclass[31m=[32m"flex items-center justify-between"[31m
        [36m>[31m
          [36m<div[31m
            [33mclass[31m=[32m"flex items-center gap-3"[31m
          [36m>[31m
            [36m<div[31m
              [33mclass[31m=[32m"flex-shrink-0"[31m
            [36m>[31m
              [36m<div[31m
                [33mclass[31m=[32m"w-12 h-12 rounded-full bg-gray-100 border-2 border-gray-200 flex items-center justify-center"[31m
              [36m>[31m
                [36m<svg[31m
                  [33mclass[31m=[32m"lucide lucide-user h-6 w-6 text-gray-400"[31m
                  [33mfill[31m=[32m"none"[31m
                  [33mheight[31m=[32m"24"[31m
                  [33mstroke[31m=[32m"currentColor"[31m
                  [33mstroke-linecap[31m=[32m"round"[31m
                  [33mstroke-linejoin[31m=[32m"round"[31m
                  [33mstroke-width[31m=[32m"2"[31m
                  [33mviewBox[31m=[32m"0 0 24 24"[31m
                  [33mwidth[31m=[32m"24"[31m
                  [33mxmlns[31m=[32m"http://www.w3.org/2000/svg"[31m
                [36m>[31m
                  [36m<path[31m
                    [33md[31m=[32m"M19 21v-2a4 4 0 0 0-4-4H9a4 4 0 0 0-4 4v2"[31m
                  [36m/>[31m
                  [36m<circle[31m
                    [33mcx[31m=[32m"12"[31m
                    [33mcy[31m=[32m"7"[31m
                    [33mr[31m=[32m"4"[31m
                  [36m/>[31m
                [36m</svg>[31m
              [36m</div>[31m
            [36m</div>[31m
            [36m<svg[31m
              [33mclass[31m=[32m"lucide lucide-clock h-5 w-5 text-amber-600"[31m
              [33mfill[31m=[32m"none"[31m
              [33mheight[31m=[32m"24"[31m
              [33mstroke[31m=[32m"currentColor"[31m
              [33mstroke-linecap[31m=[32m"round"[31m
              [33mstroke-linejoin[31m=[32m"round"[31m
              [33mstroke-width[31m=[32m"2"[31m
              [33mviewBox[31m=[32m"0 0 24 24"[31m
              [33mwidth[31m=[32m"24"[31m
              [33mxmlns[31m=[32m"http://www.w3.org/2000/svg"[31m
            [36m>[31m
              [36m<circle[31m
                [33mcx[31m=[32m"12"[31m
                [33mcy[31m=[32m"12"[31m
                [33mr[31m=[32m"10"[31m
              [36m/>[31m
              [36m<polyline[31m
                [33mpoints[31m=[32m"12 6 12 12 16 14"[31m
              [36m/>[31m
            [36m</svg>[31m
            [36m<div>[31m
              [36m<div[31m
                [33mclass[31m=[32m"font-semibold text-base"[31m
              [36m>[31m
                [0m源泥좎닔[0m
              [36m</div>[31m
              [36m<div[31m
                [33mclass[31m=[32m"text-sm text-gray-600"[31m
              [36m>[31m
                [0m3[0m
                [0m?숇뀈[0m
              [36m</div>[31m
            [36m</div>[31m
          [36m</div>[31m
          [36m<div[31m
            [33mclass[31m=[32m"text-sm font-medium text-gray-700"[31m
          [36m>[31m
            [0m吏媛?[0m
          [36m</div>[31m
        [36m</div>[31m
      [36m</div>[31m
    [36m</div>[31m
    [36m<div[31m
      [33maria-hidden[31m=[32m"true"[31m
      [33mclass[31m=[32m"fixed inset-0 z-50 bg-black/80 data-[state=open]:animate-in data-[state=closed]:animate-out data-[state=closed]:fade-out-0 data-[state=open]:fade-in-0"[31m
      [33mdata-aria-hidden[31m=[32m"true"[31m
      [33mdata-state[31m=[32m"open"[31m
      [33mstyle[31m=[32m"pointer-events: auto;"[31m
    [36m/>[31m
    [36m<div[31m
      [33maria-describedby[31m=[32m"radix-_r_h_"[31m
      [33maria-labelledby[31m=[32m"radix-_r_g_"[31m
      [33mclass[31m=[32m"fixed left-[50%] top-[50%] z-50 grid w-full max-w-lg translate-x-[-50%] translate-y-[-50%] gap-4 border bg-background p-6 shadow-lg duration-200 data-[state=open]:animate-in data-[state=closed]:animate-out data-[state=closed]:fade-out-0 data-[state=open]:fade-in-0 data-[state=closed]:zoom-out-95 data-[state=open]:zoom-in-95 data-[state=closed]:slide-out-to-left-1/2 data-[state=closed]:slide-out-to-top-[48%] data-[state=open]:slide-in-from-left-1/2 data-[state=open]:slide-in-from-top-[48%] sm:rounded-lg sm:max-w-md"[31m
      [33mdata-state[31m=[32m"open"[31m
      [33mid[31m=[32m"radix-_r_f_"[31m
      [33mrole[31m=[32m"dialog"[31m
      [33mstyle[31m=[32m"pointer-events: auto;"[31m
      [33mtabindex[31m=[32m"-1"[31m
    [36m>[31m
      [36m<div[31m
        [33mclass[31m=[32m"flex flex-col space-y-1.5 text-center sm:text-left"[31m
      [36m>[31m
        [36m<h2[31m
          [33mclass[31m=[32m"text-lg font-semibold leading-none tracking-tight"[31m
          [33mid[31m=[32m"radix-_r_g_"[31m
        [36m>[31m
          [0m寃곗꽍 ?ъ쑀 ?좏깮[0m
        [36m</h2>[31m
        [36m<p[31m
          [33mclass[31m=[32m"text-sm text-muted-foreground"[31m
          [33mid[31m=[32m"radix-_r_h_"[31m
        [36m>[31m
          [0m源泥좎닔 ?숈깮??[0m
          [0m寃곗꽍 ?ъ쑀瑜??좏깮?댁＜?몄슂.[0m
        [36m</p>[31m
      [36m</div>[31m
      [36m<div[31m
        [33mclass[31m=[32m"space-y-4 py-4"[31m
      [36m>[31m
        [36m<div[31m
          [33mclass[31m=[32m"grid grid-cols-2 gap-2"[31m
        [36m>[31m
          [36m<button[31m
            [33mclass[31m=[32m"inline-flex items-center justify-center whitespace-nowrap rounded-md text-sm font-medium ring-offset-background transition-colors focus-visible:outline-none focus-visible:ring-2 focus-visible:ring-ring focus-visible:ring-offset-2 disabled:pointer-events-none disabled:opacity-50 border border-input bg-background hover:bg-accent hover:text-accent-foreground px-4 h-auto py-3"[31m
          [36m>[31m
            [0m?꾪뵒[0m
          [36m</button>[31m
          [36m<button[31m
            [33mclass[31m=[32m"inline-flex items-center justify-center whitespace-nowrap rounded-md text-sm font-medium ring-offset-background transition-colors focus-visible:outline-none focus-visible:ring-2 focus-visible:ring-ring focus-visible:ring-offset-2 disabled:pointer-events-none disabled:opacity-50 border border-input bg-background hover:bg-accent hover:text-accent-foreground px-4 h-auto py-3"[31m
          [36m>[31m
            [0m?ы뻾[0m
          [36m</button>[31m
          [36m<button[31m
            [33mclass[31m=[32m"inline-flex items-center justify-center whitespace-nowrap rounded-md text-sm font-medium ring-offset-background transition-colors focus-visible:outline-none focus-visible:ring-2 focus-visible:ring-ring focus-visible:ring-offset-2 disabled:pointer-events-none disabled:opacity-50 border border-input bg-background hover:bg-accent hover:text-accent-foreground px-4 h-auto py-3"[31m
          [36m>[31m
            [0m??옞[0m
          [36m</button>[31m
          [36m<button[31m
            [33mclass[31m=[32m"inline-flex items-center justify-center whitespace-nowrap rounded-md text-sm font-medium ring-offset-background transition-colors focus-visible:outline-none focus-visible:ring-2 focus-visible:ring-ring focus-visible:ring-offset-2 disabled:pointer-events-none disabled:opacity-50 border border-input bg-background hover:bg-accent hover:text-accent-foreground px-4 h-auto py-3"[31m
          [36m>[31m
            [0m湲고?[0m
          [36m</button>[31m
        [36m</div>[31m
      [36m</div>[31m
      [36m<div[31m
        [33mclass[31m=[32m"flex flex-col-reverse sm:flex-row sm:justify-end sm:space-x-2"[31m
      [36m>[31m
        [36m<button[31m
          [33mclass[31m=[32m"inline-flex items-center justify-center whitespace-nowrap rounded-md text-sm font-medium ring-offset-background transition-colors focus-visible:outline-none focus-visible:ring-2 focus-visible:ring-ring focus-visible:ring-offset-2 disabled:pointer-events-none disabled:opacity-50 border border-input bg-background hover:bg-accent hover:text-accent-foreground h-10 px-4 py-2"[31m
        [36m>[31m
          [0m痍⑥냼[0m
        [36m</button>[31m
        [36m<button[31m
          [33mclass[31m=[32m"inline-flex items-center justify-center whitespace-nowrap rounded-md text-sm font-medium ring-offset-background transition-colors focus-visible:outline-none focus-visible:ring-2 focus-visible:ring-ring focus-visible:ring-offset-2 disabled:pointer-events-none disabled:opacity-50 bg-primary text-primary-foreground hover:bg-primary/90 h-10 px-4 py-2"[31m
          [33mdisabled[31m=[32m""[31m
        [36m>[31m
          [0m?뺤씤[0m
        [36m</button>[31m
      [36m</div>[31m
      [36m<button[31m
        [33mclass[31m=[32m"absolute right-4 top-4 rounded-sm opacity-70 ring-offset-background transition-opacity hover:opacity-100 focus:outline-none focus:ring-2 focus:ring-ring focus:ring-offset-2 disabled:pointer-events-none data-[state=open]:bg-accent data-[state=open]:text-muted-foreground"[31m
        [33mtype[31m=[32m"button"[31m
      [36m>[31m
        [36m<svg[31m
          [33mclass[31m=[32m"lucide lucide-x h-4 w-4"[31m
          [33mfill[31m=[32m"none"[31m
          [33mheight[31m=[32m"24"[31m
          [33mstroke[31m=[32m"currentColor"[31m
          [33mstroke-linecap[31m=[32m"round"[31m
          [33mstroke-linejoin[31m=[32m"round"[31m
          [33mstroke-width[31m=[32m"2"[31m
          [33mviewBox[31m=[32m"0 0 24 24"[31m
          [33mwidth[31m=[32m"24"[31m
          [33mxmlns[31m=[32m"http://www.w3.org/2000/svg"[31m
        [36m>[31m
          [36m<path[31m
            [33md[31m=[32m"M18 6 6 18"[31m
          [36m/>[31m
          [36m<path[31m
            [33md[31m=[32m"m6 6 12 12"[31m
          [36m/>[31m
        [36m</svg>[31m
        [36m<span[31m
          [33mclass[31m=[32m"sr-only"[31m
        [36m>[31m
          [0mClose[0m
        [36m</span>[31m
      [36m</button>[31m
    [36m</div>[31m
    [36m<span[31m
      [33maria-hidden[31m=[32m"true"[31m
      [33mdata-aria-hidden[31m=[32m"true"[31m
      [33mdata-radix-focus-guard[31m=[32m""[31m
      [33mstyle[31m=[32m"outline: none; opacity: 0; position: fixed; pointer-events: none;"[31m
      [33mtabindex[31m=[32m"0"[31m
    [36m/>[31m
  [36m</body>[31m
[36m</html>[31m[39m
[90mstderr[2m | __tests__/s
ignup.test.tsx[2m > [22m[2
mSignupForm[2m > [22m[2msh
ould validate password length
[22m[39m
Error: Not implemented: windo
w.alert
    at module.exports (D:\DAT
A\AI_PROGRAMING\SundaySchool\
node_modules\jsdom\lib\jsdom\
browser\not-implemented.js:9:
17)
    at D:\DATA\AI_PROGRAMING\
SundaySchool\node_modules\jsd
om\lib\jsdom\browser\Window.j
s:898:7
    at handleSubmit (D:\DATA\
AI_PROGRAMING\SundaySchool\co
mponents\auth\SignupForm.tsx:
90:11) [90mundefined[39m

 [32m??[39m __tests__/AbsenceReasonModal.test.tsx [2m ([22m[2m8 tests[22m[2m)[22m[33m 877[2mms[22m[39m
 [32m??[39m __tests__/VisitationForm.test.tsx [2m ([22m[2m8 tests[22m[2m)[22m[33m 2426[2mms[22m[39m
 [33m??[39m e2e/example.spec.ts [2m ([22m[2m0 test[22m[2m)[22m
[90mstderr[2m | __tests__/s
ignup.test.tsx[2m > [22m[2
mSignupForm[2m > [22m[2msh
ould call signUp on successfu
l form submission[22m[39m
Error: Not implemented: windo
w.alert
    at module.exports (D:\DAT
A\AI_PROGRAMING\SundaySchool\
node_modules\jsdom\lib\jsdom\
browser\not-implemented.js:9:
17)
    at D:\DATA\AI_PROGRAMING\
SundaySchool\node_modules\jsd
om\lib\jsdom\browser\Window.j
s:898:7
    at handleSubmit (D:\DATA\
AI_PROGRAMING\SundaySchool\co
mponents\auth\SignupForm.tsx:
90:11) [90mundefined[39m

 [33m??[39m __tests__/signup.test.tsx [2m ([22m[2m7 tests[22m [2m|[22m [31m1 failed[39m[2m)[22m[33m 6038[2mms[22m[39m
[31m   [33m??[31m __tests__/signup.test.tsx[2m > [22mSignupForm[2m > [22mshould validate password length[39m
[31m     ??expected "spy" to not be called at all, but actually been called 1 times[90m

Received: 

[1m  1st spy call:

[22m    Array [
      "teacher@example.com",
      "12345",
      "源援먯궗",
    ]
[31m[90m

Number of calls: [1m1[22m
[31m

Ignored nodes: comments, script, style
[36m<html>[31m
  [36m<head />[31m
  [36m<body>[31m
    [36m<div>[31m
      [36m<div[31m
        [33mclass[31m=[32m"rounded-lg border bg-card text-card-foreground shadow-sm w-full max-w-md"[31m
      [36m>[31m
        [36m<div[31m
          [33mclass[31m=[32m"flex flex-col space-y-1.5 p-4"[31m
        [36m>[31m
          [36m<div[31m
            [33mclass[31m=[32m"font-semibold tracking-tight text-2xl"[31m
          [36m>[31m
            [0m援먯궗 ?뚯썝媛??[0m
          [36m</div>[31m
          [36m<div[31m
            [33mclass[31m=[32m"text-sm text-muted-foreground"[31m
          [36m>[31m
            [0m?대찓?쇨낵 鍮꾨?踰덊샇瑜??낅젰?섏뿬 ?뚯썝媛?낇븯?몄슂.[0m
          [36m</div>[31m
        [36m</div>[31m
        [36m<div[31m
          [33mclass[31m=[32m"p-4 pt-0"[31m
        [36m>[31m
          [36m<form[31m
            [33mclass[31m=[32m"space-y-4"[31m
          [36m>[31m
            [36m<div[31m
              [33mclass[31m=[32m"space-y-2"[31m
            [36m>[31m
              [36m<label[31m
                [33mclass[31m=[32m"text-sm font-medium"[31m
                [33mfor[31m=[32m"email"[31m
              [36m>[31m
                [0m?대찓??[0m
              [36m</label>[31m
              [36m<input[31m
                [33mautocomplete[31m=[32m"email"[31m
                [33mclass[31m=[32m"flex h-9 w-full rounded-md border border-input bg-transparent px-3 py-1 text-base shadow-sm transition-colors file:border-0 file:bg-transparent file:text-sm file:font-medium file:text-foreground placeholder:text-muted-foreground focus-visible:outline-none focus-visible:ring-1 focus-visible:ring-ring disabled:cursor-not-allowed disabled:opacity-50 md:text-sm"[31m
                [33mid[31m=[32m"email"[31m
                [33mplaceholder[31m=[32m"teacher@example.com"[31m
                [33mrequired[31m=[32m""[31m
                [33mtype[31m=[32m"email"[31m
                [33mvalue[31m=[32m"teacher@example.com"[31m
              [36m/>[31m
            [36m</div>[31m
            [36m<div[31m
              [33mclass[31m=[32m"space-y-2"[31m
            [36m>[31m
              [36m<label[31m
                [33mclass[31m=[32m"text-sm font-medium"[31m
                [33mfor[31m=[32m"password"[31m
              [36m>[31m
                [0m鍮꾨?踰덊샇[0m
              [36m</label>[31m
              [36m<input[31m
                [33mautocomplete[31m=[32m"new-password"[31m
                [33mclass[31m=[32m"flex h-9 w-full rounded-md border border-input bg-transparent px-3 py-1 text-base shadow-sm transition-colors file:border-0 file:bg-transparent file:text-sm file:font-medium file:text-foreground placeholder:text-muted-foreground focus-visible:outline-none focus-visible:ring-1 focus-visible:ring-ring disabled:cursor-not-allowed disabled:opacity-50 md:text-sm"[31m
                [33mid[31m=[32m"password"[31m
                [33mminlength[31m=[32m"4"[31m
                [33mplaceholder[31m=[32m"鍮꾨?踰덊샇瑜??낅젰?섏꽭??(4???댁긽)"[31m
                [33mrequired[31m=[32m""[31m
                [33mtype[31m=[32m"password"[31m
                [33mvalue[31m=[32m"12345"[31m
              [36m/>[31m
            [36m</div>[31m
            [36m<div[31m
              [33mclass[31m=[32m"space-y-2"[31m
            [36m>[31m
              [36m<label[31m
                [33mclass[31m=[32m"text-sm font-medium"[31m
                [33mfor[31m=[32m"confirmPassword"[31m
              [36m>[31m
                [0m鍮꾨?踰덊샇 ?뺤씤[0m
              [36m</label>[31m
              [36m<input[31m
                [33mautocomplete[31m=[32m"new-password"[31m
                [33mclass[31m=[32m"flex h-9 w-full rounded-md border border-input bg-transparent px-3 py-1 text-base shadow-sm transition-colors file:border-0 file:bg-transparent file:text-sm file:font-medium file:text-foreground placeholder:text-muted-foreground focus-visible:outline-none focus-visible:ring-1 focus-visible:ring-ring disabled:cursor-not-allowed disabled:opacity-50 md:text-sm"[31m
                [33mid[31m=[32m"confirmPassword"[31m
                [33mminlength[31m=[32m"4"[31m
                [33mplaceholder[31m=[32m"鍮꾨?踰덊샇瑜??ㅼ떆 ?낅젰?섏꽭??[31m
                [33mrequired[31m=[32m""[31m
                [33mtype[31m=[32m"password"[31m
                [33mvalue[31m=[32m"12345"[31m
              [36m/>[31m
            [36m</div>[31m
            [36m<div[31m
              [33mclass[31m=[32m"space-y-2"[31m
            [36m>[31m
              [36m<label[31m
                [33mclass[31m=[32m"text-sm font-medium"[31m
                [33mfor[31m=[32m"fullName"[31m
              [36m>[31m
                [0m?대쫫[0m
              [36m</label>[31m
              [36m<input[31m
                [33mautocomplete[31m=[32m"name"[31m
                [33mclass[31m=[32m"flex h-9 w-full rounded-md border border-input bg-transparent px-3 py-1 text-base shadow-sm transition-colors file:border-0 file:bg-transparent file:text-sm file:font-medium file:text-foreground placeholder:text-muted-foreground focus-visible:outline-none focus-visible:ring-1 focus-visible:ring-ring disabled:cursor-not-allowed disabled:opacity-50 md:text-sm"[31m
                [33mid[31m=[32m"fullName"[31m
                [33mplaceholder[31m=[32m"?대쫫???낅젰?섏꽭??[31m
                [33mrequired[31m=[32m""[31m
                [33mtype[31m=[32m"text"[31m
                [33mvalue[31m=[32m"源援먯궗"[31m
              [36m/>[31m
            [36m</div>[31m
            [36m<button[31m
              [33mclass[31m=[32m"inline-flex items-center justify-center whitespace-nowrap rounded-md text-sm font-medium ring-offset-background transition-colors focus-visible:outline-none focus-visible:ring-2 focus-visible:ring-ring focus-visible:ring-offset-2 disabled:pointer-events-none disabled:opacity-50 bg-primary text-primary-foreground hover:bg-primary/90 h-10 px-4 py-2 w-full"[31m
              [33mtype[31m=[32m"submit"[31m
            [36m>[31m
              [0m?뚯썝媛??[0m
            [36m</button>[31m
            [36m<div[31m
              [33mclass[31m=[32m"text-center text-sm text-muted-foreground"[31m
            [36m>[31m
              [0m?대? 怨꾩젙???덉쑝?좉???[0m
              [0m [0m
              [36m<a[31m
                [33mclass[31m=[32m"text-primary hover:underline"[31m
                [33mhref[31m=[32m"/login"[31m
              [36m>[31m
                [0m濡쒓렇??[0m
              [36m</a>[31m
            [36m</div>[31m
          [36m</form>[31m
        [36m</div>[31m
      [36m</div>[31m
    [36m</div>[31m
  [36m</body>[31m
[36m</html>[31m[39m

[31m??렞??렞??렞[1m[7m Failed
 Suites 2 [27m[22m??렞??렞??렞
??[39m

[31m[1m[7m FAIL [27m[22m
[39m e2e/example.spec.ts [2
m[ e2e/example.spec.ts ][22m
[31m[1mError[22m: Playwrig
ht Test did not expect test()
 to be called here.
Most common reasons include:
- You are calling test() in a
 configuration file.
- You are calling test() in a
 file that is imported by the
 configuration file.
- You have two different vers
ions of @playwright/test. Thi
s usually happens
  when one of the dependencie
s in your package.json depend
s on @playwright/test.[39m
[90m [2m??[22m TestTypeImpl
._currentSuite node_modules/p
laywright/lib/common/testType
.js:[2m75:13[22m[39m
[90m [2m??[22m TestTypeImpl
._createTest node_modules/pla
ywright/lib/common/testType.j
s:[2m88:24[22m[39m
[90m [2m??[22m Module.<anon
ymous> node_modules/playwrigh
t/lib/transform/transform.js:
[2m275:12[22m[39m
[36m [2m??[22m e2e/example.
spec.ts:[2m3:1[22m[39m
    [90m  1| [39m[35mimpor
t[39m { test[33m,[39m expe
ct } [35mfrom[39m [32m'@pl
aywright/test'[39m[33m;[39
m
    [90m  2| [39m
    [90m  3| [39m[34mtest
[39m([32m'?덊럹?댁? 濡쒕뱶 ?뺤씤'[3
9m[33m,[39m [35masync[39m
 ({ page }) [33m=>[39m {
    [90m   | [39m[31m^[39
m
    [90m  4| [39m  [35mawa
it[39m page[33m.[39m[34mg
oto[39m([32m'/'[39m)[33m;
[39m
    [90m  5| [39m  [35mawa
it[39m [34mexpect[39m(page
[33m.[39m[34mgetByRole[39
m([32m'heading'[39m[33m,[
39m { name[33m:[39m [32m'李
⑥꽭? 二쇱씪?숆탳 援먯쟻[39m??
[31m[2m??렞??렞??렞??렞??렞??렞??
렞??렞??렞??렞??렞??1/26]??[22m[3
9m

[31m[1m[7m FAIL [27m[22m
[39m __tests__/ClassTree.tes
t.tsx [2m[ __tests__/ClassTr
ee.test.tsx ][22m
[31m[1mError[22m: Missing 
Supabase environment variable
s[39m
[36m [2m??[22m lib/supabase
/client.ts:[2m8:9[22m[39m
    [90m  6| [39m
    [90m  7| [39m[35mif[3
9m ([33m![39msupabaseUrl [
33m||[39m [33m![39msupabas
eAnonKey) {
    [90m  8| [39m  [35mthr
ow[39m [35mnew[39m [33mEr
ror[39m([32m'Missing Supaba
se environment variables'[39
m)[33m;[39m
    [90m   | [39m        [
31m^[39m
    [90m  9| [39m}
    [90m 10| [39m
[90m [2m??[22m hooks/useAut
h.ts:[2m2:31[22m[39m

[31m[2m??렞??렞??렞??렞??렞??렞??
렞??렞??렞??렞??렞??2/26]??[22m[3
9m

[31m??렞??렞??렞[1m[7m Failed
 Tests 24 [27m[22m??렞??렞??렞
??[39m

[31m[1m[7m FAIL [27m[22m
[39m __tests__/attendance-ap
i.test.ts[2m > [22mAttendan
ce API[2m > [22mgetAttendan
ceLogByStudentAndDate[2m > 
[22mshould get attendance log
 by student_id and date
[31m[1mTypeError[22m: supa
base.from(...).select(...).eq
(...).eq(...).maybeSingle is 
not a function[39m
[36m [2m??[22m Module.getAt
tendanceLogByStudentAndDate l
ib/supabase/attendance.ts:[2
m115:6[22m[39m
    [90m113| [39m    [33m.
[39m[34meq[39m([32m'stude
nt_id'[39m[33m,[39m studen
tId)
    [90m114| [39m    [33m.
[39m[34meq[39m([32m'date'
[39m[33m,[39m date)
    [90m115| [39m    [33m.
[39m[34mmaybeSingle[39m() 
[35mas[39m any)[33m;[39m
    [90m   | [39m     [31m
^[39m
    [90m116| [39m
    [90m117| [39m  [35mif
[39m (error) {
[90m [2m??[22m __tests__/at
tendance-api.test.ts:[2m232:
28[22m[39m

[31m[2m??렞??렞??렞??렞??렞??렞??
렞??렞??렞??렞??렞??3/26]??[22m[3
9m

[31m[1m[7m FAIL [27m[22m
[39m __tests__/attendance-ap
i.test.ts[2m > [22mAttendan
ce API[2m > [22mgetAttendan
ceLogByStudentAndDate[2m > 
[22mshould return null if not
 found
[31m[1mTypeError[22m: supa
base.from(...).select(...).eq
(...).eq(...).maybeSingle is 
not a function[39m
[36m [2m??[22m Module.getAt
tendanceLogByStudentAndDate l
ib/supabase/attendance.ts:[2
m115:6[22m[39m
    [90m113| [39m    [33m.
[39m[34meq[39m([32m'stude
nt_id'[39m[33m,[39m studen
tId)
    [90m114| [39m    [33m.
[39m[34meq[39m([32m'date'
[39m[33m,[39m date)
    [90m115| [39m    [33m.
[39m[34mmaybeSingle[39m() 
[35mas[39m any)[33m;[39m
    [90m   | [39m     [31m
^[39m
    [90m116| [39m
    [90m117| [39m  [35mif
[39m (error) {
[90m [2m??[22m __tests__/at
tendance-api.test.ts:[2m255:
28[22m[39m

[31m[2m??렞??렞??렞??렞??렞??렞??
렞??렞??렞??렞??렞??4/26]??[22m[3
9m

[31m[1m[7m FAIL [27m[22m
[39m __tests__/AttendanceCar
d.test.tsx[2m > [22mAttenda
nceCard[2m > [22mshould tog
gle from late to absent on cl
ick when already late
[31m[1mAssertionError[22m
[39m: expected "spy" to be ca
lled with arguments: [ { stat
us: 'absent', ??1) } ][90m

Received: 

[39m[90m

Number of calls: [1m0[22m
[39m

Ignored nodes: comments, scri
pt, style
[36m<html>[39m
  [36m<head />[39m
  [36m<body[39m
    [33mdata-scroll-locked[
39m=[32m"1"[39m
    [33mstyle[39m=[32m"poi
nter-events: none;"[39m
  [36m>[39m
    [36m<span[39m
      [33maria-hidden[39m=
[32m"true"[39m
      [33mdata-aria-hidden[
39m=[32m"true"[39m
      [33mdata-radix-focus-g
uard[39m=[32m""[39m
      [33mstyle[39m=[32m"o
utline: none; opacity: 0; pos
ition: fixed; pointer-events:
 none;"[39m
      [33mtabindex[39m=[32
m"0"[39m
    [36m/>[39m
    [36m<div[39m
      [33maria-hidden[39m=
[32m"true"[39m
      [33mdata-aria-hidden[
39m=[32m"true"[39m
    [36m>[39m
      [36m<div[39m
        [33maria-busy[39m=
[32m"false"[39m
        [33maria-label[39m=
[32m"源泥좎닔 異쒖꽍 泥댄겕"[39m
        [33mclass[39m=[32m
"rounded-lg border text-card-
foreground shadow-sm min-h-[4
8px] p-4 cursor-pointer trans
ition-all hover:shadow-md act
ive:scale-95 border-amber-500
 bg-amber-50"[39m
        [33mrole[39m=[32m"
button"[39m
        [33mtabindex[39m=[
32m"0"[39m
      [36m>[39m
        [36m<div[39m
          [33mclass[39m=[3
2m"flex items-center justify-
between"[39m
        [36m>[39m
          [36m<div[39m
            [33mclass[39m=
[32m"flex items-center gap-3"
[39m
          [36m>[39m
            [36m<div[39m
              [33mclass[39m
=[32m"flex-shrink-0"[39m
            [36m>[39m
              [36m<div[39m
                [33mclass[3
9m=[32m"w-12 h-12 rounded-fu
ll bg-gray-100 border-2 borde
r-gray-200 flex items-center 
justify-center"[39m
              [36m>[39m
                [36m<svg[39
m
                  [33mclass
[39m=[32m"lucide lucide-user
 h-6 w-6 text-gray-400"[39m
                  [33mfill[
39m=[32m"none"[39m
                  [33mheight
[39m=[32m"24"[39m
                  [33mstroke
[39m=[32m"currentColor"[39
m
                  [33mstroke
-linecap[39m=[32m"round"[3
9m
                  [33mstroke
-linejoin[39m=[32m"round"[
39m
                  [33mstroke
-width[39m=[32m"2"[39m
                  [33mviewBo
x[39m=[32m"0 0 24 24"[39m
                  [33mwidth
[39m=[32m"24"[39m
                  [33mxmlns
[39m=[32m"http://www.w3.org/
2000/svg"[39m
                [36m>[39m
                  [36m<path
[39m
                    [33md[3
9m=[32m"M19 21v-2a4 4 0 0 0-
4-4H9a4 4 0 0 0-4 4v2"[39m
                  [36m/>[39
m
                  [36m<circl
e[39m
                    [33mcx[
39m=[32m"12"[39m
                    [33mcy[
39m=[32m"7"[39m
                    [33mr[3
9m=[32m"4"[39m
                  [36m/>[39
m
                [36m</svg>[
39m
              [36m</div>[39
m
            [36m</div>[39m
            [36m<svg[39m
              [33mclass[39m
=[32m"lucide lucide-clock h-
5 w-5 text-amber-600"[39m
              [33mfill[39m=
[32m"none"[39m
              [33mheight[39
m=[32m"24"[39m
              [33mstroke[39
m=[32m"currentColor"[39m
              [33mstroke-lin
ecap[39m=[32m"round"[39m
              [33mstroke-lin
ejoin[39m=[32m"round"[39m
              [33mstroke-wid
th[39m=[32m"2"[39m
              [33mviewBox[3
9m=[32m"0 0 24 24"[39m
              [33mwidth[39m
=[32m"24"[39m
              [33mxmlns[39m
=[32m"http://www.w3.org/2000
/svg"[39m
            [36m>[39m
              [36m<circle[3
9m
                [33mcx[39m=
[32m"12"[39m
                [33mcy[39m=
[32m"12"[39m
                [33mr[39m=
[32m"10"[39m
              [36m/>[39m
              [36m<polyline
[39m
                [33mpoints[
39m=[32m"12 6 12 12 16 14"[
39m
              [36m/>[39m
            [36m</svg>[39m
            [36m<div>[39m
              [36m<div[39m
                [33mclass[3
9m=[32m"font-semibold text-b
ase"[39m
              [36m>[39m
                [0m源泥좎닔[0m
              [36m</div>[39
m
              [36m<div[39m
                [33mclass[3
9m=[32m"text-sm text-gray-60
0"[39m
              [36m>[39m
                [0m3[0m
                [0m?숇뀈[0m
              [36m</div>[39
m
            [36m</div>[39m
          [36m</div>[39m
          [36m<div[39m
            [33mclass[39m=
[32m"text-sm font-medium text
-gray-700"[39m
          [36m>[39m
            [0m吏媛?[0m
          [36m</div>[39m
        [36m</div>[39m
      [36m</div>[39m
    [36m</div>[39m
    [36m<div[39m
      [33maria-hidden[39m=
[32m"true"[39m
      [33mclass[39m=[32m"f
ixed inset-0 z-50 bg-black/80
 data-[state=open]:animate-in
 data-[state=closed]:animate-
out data-[state=closed]:fade-
out-0 data-[state=open]:fade-
in-0"[39m
      [33mdata-aria-hidden[
39m=[32m"true"[39m
      [33mdata-state[39m=[
32m"open"[39m
      [33mstyle[39m=[32m"p
ointer-events: auto;"[39m
    [36m/>[39m
    [36m<div[39m
      [33maria-describedby[
39m=[32m"radix-_r_h_"[39m
      [33maria-labelledby[3
9m=[32m"radix-_r_g_"[39m
      [33mclass[39m=[32m"f
ixed left-[50%] top-[50%] z-5
0 grid w-full max-w-lg transl
ate-x-[-50%] translate-y-[-50
%] gap-4 border bg-background
 p-6 shadow-lg duration-200 d
ata-[state=open]:animate-in d
ata-[state=closed]:animate-ou
t data-[state=closed]:fade-ou
t-0 data-[state=open]:fade-in
-0 data-[state=closed]:zoom-o
ut-95 data-[state=open]:zoom-
in-95 data-[state=closed]:sli
de-out-to-left-1/2 data-[stat
e=closed]:slide-out-to-top-[4
8%] data-[state=open]:slide-i
n-from-left-1/2 data-[state=o
pen]:slide-in-from-top-[48%] 
sm:rounded-lg sm:max-w-md"[3
9m
      [33mdata-state[39m=[
32m"open"[39m
      [33mid[39m=[32m"radi
x-_r_f_"[39m
      [33mrole[39m=[32m"di
alog"[39m
      [33mstyle[39m=[32m"p
ointer-events: auto;"[39m
      [33mtabindex[39m=[32
m"-1"[39m
    [36m>[39m
      [36m<div[39m
        [33mclass[39m=[32m
"flex flex-col space-y-1.5 te
xt-center sm:text-left"[39m
      [36m>[39m
        [36m<h2[39m
          [33mclass[39m=[3
2m"text-lg font-semibold lead
ing-none tracking-tight"[39m
          [33mid[39m=[32m"
radix-_r_g_"[39m
        [36m>[39m
          [0m寃곗꽍 ?ъ쑀 ?좏깮[0m
        [36m</h2>[39m
        [36m<p[39m
          [33mclass[39m=[3
2m"text-sm text-muted-foregro
und"[39m
          [33mid[39m=[32m"
radix-_r_h_"[39m
        [36m>[39m
          [0m源泥좎닔 ?숈깮??[0m
          [0m寃곗꽍 ?ъ쑀瑜??좏깮?댁＜
?몄슂.[0m
        [36m</p>[39m
      [36m</div>[39m
      [36m<div[39m
        [33mclass[39m=[32m
"space-y-4 py-4"[39m
      [36m>[39m
        [36m<div[39m
          [33mclass[39m=[3
2m"grid grid-cols-2 gap-2"[3
9m
        [36m>[39m
          [36m<button[39m
            [33mclass[39m=
[32m"inline-flex items-center
 justify-center whitespace-no
wrap rounded-md text-sm font-
medium ring-offset-background
 transition-colors focus-visi
ble:outline-none focus-visibl
e:ring-2 focus-visible:ring-r
ing focus-visible:ring-offset
-2 disabled:pointer-events-no
ne disabled:opacity-50 border
 border-input bg-background h
over:bg-accent hover:text-acc
ent-foreground px-4 h-auto py
-3"[39m
          [36m>[39m
            [0m?꾪뵒[0m
          [36m</button>[39m
          [36m<button[39m
            [33mclass[39m=
[32m"inline-flex items-center
 justify-center whitespace-no
wrap rounded-md text-sm font-
medium ring-offset-background
 transition-colors focus-visi
ble:outline-none focus-visibl
e:ring-2 focus-visible:ring-r
ing focus-visible:ring-offset
-2 disabled:pointer-events-no
ne disabled:opacity-50 border
 border-input bg-background h
over:bg-accent hover:text-acc
ent-foreground px-4 h-auto py
-3"[39m
          [36m>[39m
            [0m?ы뻾[0m
          [36m</button>[39m
          [36m<button[39m
            [33mclass[39m=
[32m"inline-flex items-center
 justify-center whitespace-no
wrap rounded-md text-sm font-
medium ring-offset-background
 transition-colors focus-visi
ble:outline-none focus-visibl
e:ring-2 focus-visible:ring-r
ing focus-visible:ring-offset
-2 disabled:pointer-events-no
ne disabled:opacity-50 border
 border-input bg-background h
over:bg-accent hover:text-acc
ent-foreground px-4 h-auto py
-3"[39m
          [36m>[39m
            [0m??옞[0m
          [36m</button>[39m
          [36m<button[39m
            [33mclass[39m=
[32m"inline-flex items-center
 justify-center whitespace-no
wrap rounded-md text-sm font-
medium ring-offset-background
 transition-colors focus-visi
ble:outline-none focus-visibl
e:ring-2 focus-visible:ring-r
ing focus-visible:ring-offset
-2 disabled:pointer-events-no
ne disabled:opacity-50 border
 border-input bg-background h
over:bg-accent hover:text-acc
ent-foreground px-4 h-auto py
-3"[39m
          [36m>[39m
            [0m湲고?[0m
          [36m</button>[39m
        [36m</div>[39m
      [36m</div>[39m
      [36m<div[39m
        [33mclass[39m=[32m
"flex flex-col-reverse sm:fle
x-row sm:justify-end sm:space
-x-2"[39m
      [36m>[39m
        [36m<button[39m
          [33mclass[39m=[3
2m"inline-flex items-center j
ustify-center whitespace-nowr
ap rounded-md text-sm font-me
dium ring-offset-background t
ransition-colors focus-visibl
e:outline-none focus-visible:
ring-2 focus-visible:ring-rin
g focus-visible:ring-offset-2
 disabled:pointer-events-none
 disabled:opacity-50 border b
order-input bg-background hov
er:bg-accent hover:text-accen
t-foreground h-10 px-4 py-2"
[39m
        [36m>[39m
          [0m痍⑥냼[0m
        [36m</button>[39m
        [36m<button[39m
          [33mclass[39m=[3
2m"inline-flex items-center j
ustify-center whitespace-nowr
ap rounded-md text-sm font-me
dium ring-offset-background t
ransition-colors focus-visibl
e:outline-none focus-visible:
ring-2 focus-visible:ring-rin
g focus-visible:ring-offset-2
 disabled:pointer-events-none
 disabled:opacity-50 bg-prima
ry text-primary-foreground ho
ver:bg-primary/90 h-10 px-4 p
y-2"[39m
          [33mdisabled[39m=
[32m""[39m
        [36m>[39m
          [0m?뺤씤[0m
        [36m</button>[39m
      [36m</div>[39m
      [36m<button[39m
        [33mclass[39m=[32m
"absolute right-4 top-4 round
ed-sm opacity-70 ring-offset-
background transition-opacity
 hover:opacity-100 focus:outl
ine-none focus:ring-2 focus:r
ing-ring focus:ring-offset-2 
disabled:pointer-events-none 
data-[state=open]:bg-accent d
ata-[state=open]:text-muted-f
oreground"[39m
        [33mtype[39m=[32m"
button"[39m
      [36m>[39m
        [36m<svg[39m
          [33mclass[39m=[3
2m"lucide lucide-x h-4 w-4"[
39m
          [33mfill[39m=[32
m"none"[39m
          [33mheight[39m=[
32m"24"[39m
          [33mstroke[39m=[
32m"currentColor"[39m
          [33mstroke-linecap
[39m=[32m"round"[39m
          [33mstroke-linejoi
n[39m=[32m"round"[39m
          [33mstroke-width[
39m=[32m"2"[39m
          [33mviewBox[39m=
[32m"0 0 24 24"[39m
          [33mwidth[39m=[3
2m"24"[39m
          [33mxmlns[39m=[3
2m"http://www.w3.org/2000/svg
"[39m
        [36m>[39m
          [36m<path[39m
            [33md[39m=[32m
"M18 6 6 18"[39m
          [36m/>[39m
          [36m<path[39m
            [33md[39m=[32m
"m6 6 12 12"[39m
          [36m/>[39m
        [36m</svg>[39m
        [36m<span[39m
          [33mclass[39m=[3
2m"sr-only"[39m
        [36m>[39m
          [0mClose[0m
        [36m</span>[39m
      [36m</button>[39m
    [36m</div>[39m
    [36m<span[39m
      [33maria-hidden[39m=
[32m"true"[39m
      [33mdata-aria-hidden[
39m=[32m"true"[39m
      [33mdata-radix-focus-g
uard[39m=[32m""[39m
      [33mstyle[39m=[32m"o
utline: none; opacity: 0; pos
ition: fixed; pointer-events:
 none;"[39m
      [33mtabindex[39m=[32
m"0"[39m
    [36m/>[39m
  [36m</body>[39m
[36m</html>[39m
[36m [2m??[22m __tests__/At
tendanceCard.test.tsx:[2m216
:26[22m[39m
    [90m214| [39m
    [90m215| [39m    [35ma
wait[39m [34mwaitFor[39m((
) [33m=>[39m {
    [90m216| [39m      [34
mexpect[39m(mockMutate)[33m
.[39m[34mtoHaveBeenCalledWi
th[39m({ status[33m:[39m 
[32m'absent'[39m[33m,[39m 
reas??    [90m   | [39m    
                     [31m^[
39m
    [90m217| [39m    })[33
m;[39m
    [90m218| [39m  })[33m;
[39m
[90m [2m??[22m runWithExpen
siveErrorDiagnosticsDisabled 
node_modules/@testing-library
/dom/dist/config.js:[2m47:12
[22m[39m
[90m [2m??[22m checkCallbac
k node_modules/@testing-libra
ry/dom/dist/wait-for.js:[2m1
24:77[22m[39m
[90m [2m??[22m Timeout.chec
kRealTimersCallback node_modu
les/@testing-library/dom/dist
/wait-for.js:[2m118:16[22m
[39m

[31m[2m??렞??렞??렞??렞??렞??렞??
렞??렞??렞??렞??렞??5/26]??[22m[3
9m

[31m[1m[7m FAIL [27m[22m
[39m __tests__/login.test.ts
x[2m > [22mLoginPage[2m > 
[22mshould render login form
[31m[1mTestingLibraryElemen
tError[22m: Unable to find a
 label with the text of: /?대찓
??i

Ignored nodes: comments, scri
pt, style
[36m<body>[31m
  [36m<div>[31m
    [36m<div[31m
      [33mclass[31m=[32m"f
lex min-h-screen items-center
 justify-center"[31m
    [36m>[31m
      [36m<div[31m
        [33mclass[31m=[32m
"text-center"[31m
      [36m>[31m
        [36m<p[31m
          [33mclass[31m=[3
2m"text-muted-foreground"[31
m
        [36m>[31m
          [0m由щ떎?대젆??以?..[0
m
        [36m</p>[31m
      [36m</div>[31m
    [36m</div>[31m
  [36m</div>[31m
[36m</body>[31m[39m
[90m [2m??[22m Object.getEl
ementError node_modules/@test
ing-library/dom/dist/config.j
s:[2m37:19[22m[39m
[90m [2m??[22m getAllByLabe
lText node_modules/@testing-l
ibrary/dom/dist/queries/label
-text.js:[2m111:38[22m[39m
[90m [2m??[22m node_modules
/@testing-library/dom/dist/qu
ery-helpers.js:[2m52:17[22m
[39m
[90m [2m??[22m node_modules
/@testing-library/dom/dist/qu
ery-helpers.js:[2m95:19[22m
[39m
[36m [2m??[22m __tests__/lo
gin.test.tsx:[2m45:19[22m[
39m
    [90m 43| [39m    [34mr
ender[39m([33m<[39m[33mLo
ginPage[39m [33m/[39m[33m
>[39m)[33m;[39m
    [90m 44| [39m
    [90m 45| [39m    [34me
xpect[39m(screen[33m.[39m
[34mgetByLabelText[39m([36m
/?대찓??i[39m))[33m.[39m[34
mtoBeInTheDocument[39m()[33
m;[39m
    [90m   | [39m          
        [31m^[39m
    [90m 46| [39m    [34me
xpect[39m(screen[33m.[39m
[34mgetByLabelText[39m([36m
/鍮꾨?踰덊샇/i[39m))[33m.[39m[
34mtoBeInTheDocument[39m()[
33m;[39m
    [90m 47| [39m    [34me
xpect[39m(screen[33m.[39m
[34mgetByRole[39m([32m'butt
on'[39m[33m,[39m { name[3
3m:[39m [36m/濡쒓렇??i[39m })
)[33m.[39m[34mtoBeInTheD[
39m??
[31m[2m??렞??렞??렞??렞??렞??렞??
렞??렞??렞??렞??렞??6/26]??[22m[3
9m

[31m[1m[7m FAIL [27m[22m
[39m __tests__/login.test.ts
x[2m > [22mLoginPage[2m > 
[22mshould show loading stat
e when auth is loading
[31m[1mTestingLibraryElemen
tError[22m: Unable to find a
n element with the text: /濡쒕뵫
 以?i. This could be because t
he text is broken up by multi
ple elements. In this case, y
ou can provide a function for
 your text matcher to make yo
ur matcher more flexible.

Ignored nodes: comments, scri
pt, style
[36m<body>[31m
  [36m<div>[31m
    [36m<div[31m
      [33mclass[31m=[32m"f
lex min-h-screen items-center
 justify-center"[31m
    [36m>[31m
      [36m<div[31m
        [33mclass[31m=[32m
"text-center"[31m
      [36m>[31m
        [36m<p[31m
          [33mclass[31m=[3
2m"text-muted-foreground"[31
m
        [36m>[31m
          [0m由щ떎?대젆??以?..[0
m
        [36m</p>[31m
      [36m</div>[31m
    [36m</div>[31m
  [36m</div>[31m
[36m</body>[31m[39m
[90m [2m??[22m Object.getEl
ementError node_modules/@test
ing-library/dom/dist/config.j
s:[2m37:19[22m[39m
[90m [2m??[22m node_modules
/@testing-library/dom/dist/qu
ery-helpers.js:[2m76:38[22m
[39m
[90m [2m??[22m node_modules
/@testing-library/dom/dist/qu
ery-helpers.js:[2m52:17[22m
[39m
[90m [2m??[22m node_modules
/@testing-library/dom/dist/qu
ery-helpers.js:[2m95:19[22m
[39m
[36m [2m??[22m __tests__/lo
gin.test.tsx:[2m61:19[22m[
39m
    [90m 59| [39m    [34mr
ender[39m([33m<[39m[33mLo
ginPage[39m [33m/[39m[33m
>[39m)[33m;[39m
    [90m 60| [39m
    [90m 61| [39m    [34me
xpect[39m(screen[33m.[39m
[34mgetByText[39m([36m/濡쒕뵫 
以?i[39m))[33m.[39m[34mtoB
eInTheDocument[39m()[33m;[
39m
    [90m   | [39m          
        [31m^[39m
    [90m 62| [39m  })[33m;
[39m
    [90m 63| [39m

[31m[2m??렞??렞??렞??렞??렞??렞??
렞??렞??렞??렞??렞??7/26]??[22m[3
9m

[31m[1m[7m FAIL [27m[22m
[39m __tests__/login.test.ts
x[2m > [22mLoginPage[2m > 
[22mshould redirect to dashb
oard when already authenticat
ed
[31m[1mAssertionError[22m:
 expected "spy" to be called 
with arguments: [ '/dashboard
' ][90m

Received: 

[31m[90m

Number of calls: [1m0[22m
[31m[39m
[36m [2m??[22m __tests__/lo
gin.test.tsx:[2m80:22[22m[
39m
    [90m 78| [39m    [34mr
ender[39m([33m<[39m[33mLo
ginPage[39m [33m/[39m[33m
>[39m)[33m;[39m
    [90m 79| [39m
    [90m 80| [39m    [34me
xpect[39m(mockPush)[33m.[3
9m[34mtoHaveBeenCalledWith[
39m([32m'/dashboard'[39m)[
33m;[39m
    [90m   | [39m          
           [31m^[39m
    [90m 81| [39m  })[33m;
[39m
    [90m 82| [39m

[31m[2m??렞??렞??렞??렞??렞??렞??
렞??렞??렞??렞??렞??8/26]??[22m[3
9m

[31m[1m[7m FAIL [27m[22m
[39m __tests__/login.test.ts
x[2m > [22mLoginPage[2m > 
[22mshould submit form with 
email and password
[31m[1mTestingLibraryElemen
tError[22m: Unable to find a
 label with the text of: /?대찓
??i

Ignored nodes: comments, scri
pt, style
[36m<body>[31m
  [36m<div>[31m
    [36m<div[31m
      [33mclass[31m=[32m"f
lex min-h-screen items-center
 justify-center"[31m
    [36m>[31m
      [36m<div[31m
        [33mclass[31m=[32m
"text-center"[31m
      [36m>[31m
        [36m<p[31m
          [33mclass[31m=[3
2m"text-muted-foreground"[31
m
        [36m>[31m
          [0m由щ떎?대젆??以?..[0
m
        [36m</p>[31m
      [36m</div>[31m
    [36m</div>[31m
  [36m</div>[31m
[36m</body>[31m[39m
[90m [2m??[22m Object.getEl
ementError node_modules/@test
ing-library/dom/dist/config.j
s:[2m37:19[22m[39m
[90m [2m??[22m getAllByLabe
lText node_modules/@testing-l
ibrary/dom/dist/queries/label
-text.js:[2m111:38[22m[39m
[90m [2m??[22m node_modules
/@testing-library/dom/dist/qu
ery-helpers.js:[2m52:17[22m
[39m
[90m [2m??[22m node_modules
/@testing-library/dom/dist/qu
ery-helpers.js:[2m95:19[22m
[39m
[36m [2m??[22m __tests__/lo
gin.test.tsx:[2m96:31[22m[
39m
    [90m 94| [39m    [34mr
ender[39m([33m<[39m[33mLo
ginPage[39m [33m/[39m[33m
>[39m)[33m;[39m
    [90m 95| [39m
    [90m 96| [39m    [35mc
onst[39m emailInput [33m=[
39m screen[33m.[39m[34mget
ByLabelText[39m([36m/?대찓??i
[39m)[33m;[39m
    [90m   | [39m          
                    [31m^[3
9m
    [90m 97| [39m    [35mc
onst[39m passwordInput [33m
=[39m screen[33m.[39m[34m
getByLabelText[39m([36m/鍮꾨?
踰덊샇/i[39m)[33m;[39m
    [90m 98| [39m    [35mc
onst[39m submitButton [33m=
[39m screen[33m.[39m[34mg
etByRole[39m([32m'button'[
39m[33m,[39m { name[33m:[
39m [36m/濡쒓렇??i[39m ??
[31m[2m??렞??렞??렞??렞??렞??렞??
렞??렞??렞??렞??렞??9/26]??[22m[3
9m

[31m[1m[7m FAIL [27m[22m
[39m __tests__/login.test.ts
x[2m > [22mLoginPage[2m > 
[22mshould display error mes
sage when login fails
[31m[1mTestingLibraryElemen
tError[22m: Unable to find a
 label with the text of: /?대찓
??i

Ignored nodes: comments, scri
pt, style
[36m<body>[31m
  [36m<div>[31m
    [36m<div[31m
      [33mclass[31m=[32m"f
lex min-h-screen items-center
 justify-center"[31m
    [36m>[31m
      [36m<div[31m
        [33mclass[31m=[32m
"text-center"[31m
      [36m>[31m
        [36m<p[31m
          [33mclass[31m=[3
2m"text-muted-foreground"[31
m
        [36m>[31m
          [0m由щ떎?대젆??以?..[0
m
        [36m</p>[31m
      [36m</div>[31m
    [36m</div>[31m
  [36m</div>[31m
[36m</body>[31m[39m
[90m [2m??[22m Object.getEl
ementError node_modules/@test
ing-library/dom/dist/config.j
s:[2m37:19[22m[39m
[90m [2m??[22m getAllByLabe
lText node_modules/@testing-l
ibrary/dom/dist/queries/label
-text.js:[2m111:38[22m[39m
[90m [2m??[22m node_modules
/@testing-library/dom/dist/qu
ery-helpers.js:[2m52:17[22m
[39m
[90m [2m??[22m node_modules
/@testing-library/dom/dist/qu
ery-helpers.js:[2m95:19[22m
[39m
[36m [2m??[22m __tests__/lo
gin.test.tsx:[2m123:31[22m
[39m
    [90m121| [39m    [34mr
ender[39m([33m<[39m[33mLo
ginPage[39m [33m/[39m[33m
>[39m)[33m;[39m
    [90m122| [39m
    [90m123| [39m    [35mc
onst[39m emailInput [33m=[
39m screen[33m.[39m[34mget
ByLabelText[39m([36m/?대찓??i
[39m)[33m;[39m
    [90m   | [39m          
                    [31m^[3
9m
    [90m124| [39m    [35mc
onst[39m passwordInput [33m
=[39m screen[33m.[39m[34m
getByLabelText[39m([36m/鍮꾨?
踰덊샇/i[39m)[33m;[39m
    [90m125| [39m    [35mc
onst[39m submitButton [33m=
[39m screen[33m.[39m[34mg
etByRole[39m([32m'button'[
39m[33m,[39m { name[33m:[
39m [36m/濡쒓렇??i[39m ??
[31m[2m??렞??렞??렞??렞??렞??렞??
렞??렞??렞??렞??렞[10/26]??[22m[3
9m

[31m[1m[7m FAIL [27m[22m
[39m __tests__/login.test.ts
x[2m > [22mLoginPage[2m > 
[22mshould redirect to dashb
oard on successful login
[31m[1mTestingLibraryElemen
tError[22m: Unable to find a
 label with the text of: /?대찓
??i

Ignored nodes: comments, scri
pt, style
[36m<body>[31m
  [36m<div>[31m
    [36m<div[31m
      [33mclass[31m=[32m"f
lex min-h-screen items-center
 justify-center"[31m
    [36m>[31m
      [36m<div[31m
        [33mclass[31m=[32m
"text-center"[31m
      [36m>[31m
        [36m<p[31m
          [33mclass[31m=[3
2m"text-muted-foreground"[31
m
        [36m>[31m
          [0m由щ떎?대젆??以?..[0
m
        [36m</p>[31m
      [36m</div>[31m
    [36m</div>[31m
  [36m</div>[31m
[36m</body>[31m[39m
[90m [2m??[22m Object.getEl
ementError node_modules/@test
ing-library/dom/dist/config.j
s:[2m37:19[22m[39m
[90m [2m??[22m getAllByLabe
lText node_modules/@testing-l
ibrary/dom/dist/queries/label
-text.js:[2m111:38[22m[39m
[90m [2m??[22m node_modules
/@testing-library/dom/dist/qu
ery-helpers.js:[2m52:17[22m
[39m
[90m [2m??[22m node_modules
/@testing-library/dom/dist/qu
ery-helpers.js:[2m95:19[22m
[39m
[36m [2m??[22m __tests__/lo
gin.test.tsx:[2m167:31[22m
[39m
    [90m165| [39m    [34mr
ender[39m([33m<[39m[33mLo
ginPage[39m [33m/[39m[33m
>[39m)[33m;[39m
    [90m166| [39m
    [90m167| [39m    [35mc
onst[39m emailInput [33m=[
39m screen[33m.[39m[34mget
ByLabelText[39m([36m/?대찓??i
[39m)[33m;[39m
    [90m   | [39m          
                    [31m^[3
9m
    [90m168| [39m    [35mc
onst[39m passwordInput [33m
=[39m screen[33m.[39m[34m
getByLabelText[39m([36m/鍮꾨?
踰덊샇/i[39m)[33m;[39m
    [90m169| [39m    [35mc
onst[39m submitButton [33m=
[39m screen[33m.[39m[34mg
etByRole[39m([32m'button'[
39m[33m,[39m { name[33m:[
39m [36m/濡쒓렇??i[39m ??
[31m[2m??렞??렞??렞??렞??렞??렞??
렞??렞??렞??렞??렞[11/26]??[22m[3
9m

[31m[1m[7m FAIL [27m[22m
[39m __tests__/signup.test.t
sx[2m > [22mSignupForm[2m 
> [22mshould validate passwo
rd length
[31m[1mAssertionError[22m
[39m: expected "spy" to not b
e called at all, but actually
 been called 1 times[90m

Received: 

[1m  1st spy call:

[22m    Array [
      "teacher@example.com",
      "12345",
      "源援먯궗",
    ]
[39m[90m

Number of calls: [1m1[22m
[39m

Ignored nodes: comments, scri
pt, style
[36m<html>[39m
  [36m<head />[39m
  [36m<body>[39m
    [36m<div>[39m
      [36m<div[39m
        [33mclass[39m=[32m
"rounded-lg border bg-card te
xt-card-foreground shadow-sm 
w-full max-w-md"[39m
      [36m>[39m
        [36m<div[39m
          [33mclass[39m=[3
2m"flex flex-col space-y-1.5 
p-4"[39m
        [36m>[39m
          [36m<div[39m
            [33mclass[39m=
[32m"font-semibold tracking-t
ight text-2xl"[39m
          [36m>[39m
            [0m援먯궗 ?뚯썝媛??[0
m
          [36m</div>[39m
          [36m<div[39m
            [33mclass[39m=
[32m"text-sm text-muted-foreg
round"[39m
          [36m>[39m
            [0m?대찓?쇨낵 鍮꾨?踰덊샇
瑜??낅젰?섏뿬 ?뚯썝媛?낇븯?몄슂.[0m
          [36m</div>[39m
        [36m</div>[39m
        [36m<div[39m
          [33mclass[39m=[3
2m"p-4 pt-0"[39m
        [36m>[39m
          [36m<form[39m
            [33mclass[39m=
[32m"space-y-4"[39m
          [36m>[39m
            [36m<div[39m
              [33mclass[39m
=[32m"space-y-2"[39m
            [36m>[39m
              [36m<label[39
m
                [33mclass[3
9m=[32m"text-sm font-medium"
[39m
                [33mfor[39m
=[32m"email"[39m
              [36m>[39m
                [0m?대찓??[0m
              [36m</label>[
39m
              [36m<input[39
m
                [33mautocomp
lete[39m=[32m"email"[39m
                [33mclass[3
9m=[32m"flex h-9 w-full roun
ded-md border border-input bg
-transparent px-3 py-1 text-b
ase shadow-sm transition-colo
rs file:border-0 file:bg-tran
sparent file:text-sm file:fon
t-medium file:text-foreground
 placeholder:text-muted-foreg
round focus-visible:outline-n
one focus-visible:ring-1 focu
s-visible:ring-ring disabled:
cursor-not-allowed disabled:o
pacity-50 md:text-sm"[39m
                [33mid[39m=
[32m"email"[39m
                [33mplacehol
der[39m=[32m"teacher@exampl
e.com"[39m
                [33mrequired
[39m=[32m""[39m
                [33mtype[39
m=[32m"email"[39m
                [33mvalue[3
9m=[32m"teacher@example.com"
[39m
              [36m/>[39m
            [36m</div>[39m
            [36m<div[39m
              [33mclass[39m
=[32m"space-y-2"[39m
            [36m>[39m
              [36m<label[39
m
                [33mclass[3
9m=[32m"text-sm font-medium"
[39m
                [33mfor[39m
=[32m"password"[39m
              [36m>[39m
                [0m鍮꾨?踰덊샇[0
m
              [36m</label>[
39m
              [36m<input[39
m
                [33mautocomp
lete[39m=[32m"new-password"
[39m
                [33mclass[3
9m=[32m"flex h-9 w-full roun
ded-md border border-input bg
-transparent px-3 py-1 text-b
ase shadow-sm transition-colo
rs file:border-0 file:bg-tran
sparent file:text-sm file:fon
t-medium file:text-foreground
 placeholder:text-muted-foreg
round focus-visible:outline-n
one focus-visible:ring-1 focu
s-visible:ring-ring disabled:
cursor-not-allowed disabled:o
pacity-50 md:text-sm"[39m
                [33mid[39m=
[32m"password"[39m
                [33mminlengt
h[39m=[32m"4"[39m
                [33mplacehol
der[39m=[32m"鍮꾨?踰덊샇瑜??낅젰?섏꽭
??(4???댁긽)"[39m
                [33mrequired
[39m=[32m""[39m
                [33mtype[39
m=[32m"password"[39m
                [33mvalue[3
9m=[32m"12345"[39m
              [36m/>[39m
            [36m</div>[39m
            [36m<div[39m
              [33mclass[39m
=[32m"space-y-2"[39m
            [36m>[39m
              [36m<label[39
m
                [33mclass[3
9m=[32m"text-sm font-medium"
[39m
                [33mfor[39m
=[32m"confirmPassword"[39m
              [36m>[39m
                [0m鍮꾨?踰덊샇 ?뺤
씤[0m
              [36m</label>[
39m
              [36m<input[39
m
                [33mautocomp
lete[39m=[32m"new-password"
[39m
                [33mclass[3
9m=[32m"flex h-9 w-full roun
ded-md border border-input bg
-transparent px-3 py-1 text-b
ase shadow-sm transition-colo
rs file:border-0 file:bg-tran
sparent file:text-sm file:fon
t-medium file:text-foreground
 placeholder:text-muted-foreg
round focus-visible:outline-n
one focus-visible:ring-1 focu
s-visible:ring-ring disabled:
cursor-not-allowed disabled:o
pacity-50 md:text-sm"[39m
                [33mid[39m=
[32m"confirmPassword"[39m
                [33mminlengt
h[39m=[32m"4"[39m
                [33mplacehol
der[39m=[32m"鍮꾨?踰덊샇瑜??ㅼ떆 ?낅
젰?섏꽭??[39m
                [33mrequired
[39m=[32m""[39m
                [33mtype[39
m=[32m"password"[39m
                [33mvalue[3
9m=[32m"12345"[39m
              [36m/>[39m
            [36m</div>[39m
            [36m<div[39m
              [33mclass[39m
=[32m"space-y-2"[39m
            [36m>[39m
              [36m<label[39
m
                [33mclass[3
9m=[32m"text-sm font-medium"
[39m
                [33mfor[39m
=[32m"fullName"[39m
              [36m>[39m
                [0m?대쫫[0m
              [36m</label>[
39m
              [36m<input[39
m
                [33mautocomp
lete[39m=[32m"name"[39m
                [33mclass[3
9m=[32m"flex h-9 w-full roun
ded-md border border-input bg
-transparent px-3 py-1 text-b
ase shadow-sm transition-colo
rs file:border-0 file:bg-tran
sparent file:text-sm file:fon
t-medium file:text-foreground
 placeholder:text-muted-foreg
round focus-visible:outline-n
one focus-visible:ring-1 focu
s-visible:ring-ring disabled:
cursor-not-allowed disabled:o
pacity-50 md:text-sm"[39m
                [33mid[39m=
[32m"fullName"[39m
                [33mplacehol
der[39m=[32m"?대쫫???낅젰?섏꽭??
[39m
                [33mrequired
[39m=[32m""[39m
                [33mtype[39
m=[32m"text"[39m
                [33mvalue[3
9m=[32m"源援먯궗"[39m
              [36m/>[39m
            [36m</div>[39m
            [36m<button[39m
              [33mclass[39m
=[32m"inline-flex items-cent
er justify-center whitespace-
nowrap rounded-md text-sm fon
t-medium ring-offset-backgrou
nd transition-colors focus-vi
sible:outline-none focus-visi
ble:ring-2 focus-visible:ring
-ring focus-visible:ring-offs
et-2 disabled:pointer-events-
none disabled:opacity-50 bg-p
rimary text-primary-foregroun
d hover:bg-primary/90 h-10 px
-4 py-2 w-full"[39m
              [33mtype[39m=
[32m"submit"[39m
            [36m>[39m
              [0m?뚯썝媛??[0m
            [36m</button>[3
9m
            [36m<div[39m
              [33mclass[39m
=[32m"text-center text-sm te
xt-muted-foreground"[39m
            [36m>[39m
              [0m?대? 怨꾩젙???덉
쑝?좉???[0m
              [0m [0m
              [36m<a[39m
                [33mclass[3
9m=[32m"text-primary hover:u
nderline"[39m
                [33mhref[39
m=[32m"/login"[39m
              [36m>[39m
                [0m濡쒓렇??[0m
              [36m</a>[39m
            [36m</div>[39m
          [36m</form>[39m
        [36m</div>[39m
      [36m</div>[39m
    [36m</div>[39m
  [36m</body>[39m
[36m</html>[39m
[36m [2m??[22m __tests__/si
gnup.test.tsx:[2m109:30[22m
[39m
    [90m107| [39m      [90
m// HTML5 寃利앹씠 ?ㅽ뙣?섎㈃ ???쒖텧?
??섏? ?딆쑝誘濡? ?먮윭 硫붿떆吏媛 [39
m??    [90m108| [39m      
[90m// ???signUp???몄텧?섏? ?딆븯
?붿? ?뺤씤[39m
    [90m109| [39m      [34
mexpect[39m(mockSignUp)[33m
.[39mnot[33m.[39m[34mtoHa
veBeenCalled[39m()[33m;[39
m
    [90m   | [39m          
                   [31m^[39
m
    [90m110| [39m    })[33
m;[39m
    [90m111| [39m  })[33m;
[39m
[90m [2m??[22m runWithExpen
siveErrorDiagnosticsDisabled 
node_modules/@testing-library
/dom/dist/config.js:[2m47:12
[22m[39m
[90m [2m??[22m checkCallbac
k node_modules/@testing-libra
ry/dom/dist/wait-for.js:[2m1
24:77[22m[39m
[90m [2m??[22m Timeout.chec
kRealTimersCallback node_modu
les/@testing-library/dom/dist
/wait-for.js:[2m118:16[22m
[39m

[31m[2m??렞??렞??렞??렞??렞??렞??
렞??렞??렞??렞??렞[12/26]??[22m[3
9m

[31m[1m[7m FAIL [27m[22m
[39m __tests__/StudentProfil
e.test.tsx[2m > [22mStudent
Profile[2m > [22mshould ren
der student profile with basi
c information
[31m[1m[7m FAIL [27m[22m
[39m __tests__/StudentProfil
e.test.tsx[2m > [22mStudent
Profile[2m > [22mshould dis
play student birthday when av
ailable
[31m[1m[7m FAIL [27m[22m
[39m __tests__/StudentProfil
e.test.tsx[2m > [22mStudent
Profile[2m > [22mshould dis
play allergies information wh
en available
[31m[1m[7m FAIL [27m[22m
[39m __tests__/StudentProfil
e.test.tsx[2m > [22mStudent
Profile[2m > [22mshould dis
play parent contact informati
on
[31m[1m[7m FAIL [27m[22m
[39m __tests__/StudentProfil
e.test.tsx[2m > [22mStudent
Profile[2m > [22mshould sho
w loading state when data is 
loading
[31m[1m[7m FAIL [27m[22m
[39m __tests__/StudentProfil
e.test.tsx[2m > [22mStudent
Profile[2m > [22mshould sho
w error message when student 
not found
[31m[1m[7m FAIL [27m[22m
[39m __tests__/StudentProfil
e.test.tsx[2m > [22mStudent
Profile[2m > [22mshould dis
play school name when availab
le
[31m[1m[7m FAIL [27m[22m
[39m __tests__/VisitationTim
eline.test.tsx[2m > [22mVis
itationTimeline[2m > [22msh
ould render visitation timeli
ne with records
[31m[1m[7m FAIL [27m[22m
[39m __tests__/VisitationTim
eline.test.tsx[2m > [22mVis
itationTimeline[2m > [22msh
ould display visitation type 
correctly
[31m[1m[7m FAIL [27m[22m
[39m __tests__/VisitationTim
eline.test.tsx[2m > [22mVis
itationTimeline[2m > [22msh
ould display prayer request w
hen available
[31m[1m[7m FAIL [27m[22m
[39m __tests__/VisitationTim
eline.test.tsx[2m > [22mVis
itationTimeline[2m > [22msh
ould display confidential ind
icator for confidential visit
ations
[31m[1m[7m FAIL [27m[22m
[39m __tests__/VisitationTim
eline.test.tsx[2m > [22mVis
itationTimeline[2m > [22msh
ould show loading state when 
data is loading
[31m[1m[7m FAIL [27m[22m
[39m __tests__/VisitationTim
eline.test.tsx[2m > [22mVis
itationTimeline[2m > [22msh
ould show empty state when no
 visitations
[31m[1m[7m FAIL [27m[22m
[39m __tests__/VisitationTim
eline.test.tsx[2m > [22mVis
itationTimeline[2m > [22msh
ould display visitations in r
everse chronological order
[31m[1mTypeError[22m: Cann
ot read properties of undefin
ed (reading 'getSession')[39
m
[36m [2m??[22m hooks/useAut
h.ts:[2m44:8[22m[39m
    [90m 42| [39m    [90m/
/ 珥덇린 ?몄뀡 ?뺤씤[39m
    [90m 43| [39m    supaba
se[33m.[39mauth
    [90m 44| [39m      [33
m.[39m[34mgetSession[39m()
    [90m   | [39m       [3
1m^[39m
    [90m 45| [39m      [33
m.[39m[34mthen[39m(({ data
[33m:[39m { session }[33m,
[39m error }) [33m=>[39m {
    [90m 46| [39m        [
35mif[39m ([33m![39mmounte
d) [35mreturn[39m[33m;[39
m
[90m [2m??[22m Object.react
_stack_bottom_frame node_modu
les/react-dom/cjs/react-dom-c
lient.development.js:[2m2598
9:20[22m[39m
[90m [2m??[22m runWithFiber
InDEV node_modules/react-dom/
cjs/react-dom-client.developm
ent.js:[2m874:13[22m[39m
[90m [2m??[22m commitHookEf
fectListMount node_modules/re
act-dom/cjs/react-dom-client.
development.js:[2m13249:29[
22m[39m
[90m [2m??[22m commitHookPa
ssiveMountEffects node_module
s/react-dom/cjs/react-dom-cli
ent.development.js:[2m13336:
11[22m[39m
[90m [2m??[22m commitPassiv
eMountOnFiber node_modules/re
act-dom/cjs/react-dom-client.
development.js:[2m15484:13[
22m[39m
[90m [2m??[22m recursivelyT
raversePassiveMountEffects no
de_modules/react-dom/cjs/reac
t-dom-client.development.js:
[2m15439:11[22m[39m
[90m [2m??[22m commitPassiv
eMountOnFiber node_modules/re
act-dom/cjs/react-dom-client.
development.js:[2m15718:11[
22m[39m
[2m Test Files [22m [1m[31m8 failed[39m[22m[2m | [22m[1m[32m12 passed[39m[22m[90m (20)[39m
[2m      Tests [22m [1m[31m24 failed[39m[22m[2m | [22m[1m[32m107 passed[39m[22m[90m (131)[39m
[2m   Start at [22m 10:03:40
[2m   Duration [22m 9.32s[2m (transform 1.31s, setup 5.20s, collect 11.46s, tests 14.18s, environment 27.59s, prepare 6.67s)[22m

[90m [2m??[22m recursivelyT
raversePassiveMountEffects no
de_modules/react-dom/cjs/reac
t-dom-client.development.js:
[2m15439:11[22m[39m
[90m [2m??[22m commitPassiv
eMountOnFiber node_modules/re
act-dom/cjs/react-dom-client.
development.js:[2m15476:11[
22m[39m

[31m[2m??렞??렞??렞??렞??렞??렞??
렞??렞??렞??렞??렞[13/26]??[22m[3
9m

